ARM Linker, 5.03 [Build 76] [MDK-ARM Lite]

==============================================================================

Section Cross References

    startup.o(STACK) refers (Special) to heapauxi.o(.text) for __use_two_region_memory
    startup.o(HEAP) refers (Special) to heapauxi.o(.text) for __use_two_region_memory
    startup.o(RESET) refers (Special) to heapauxi.o(.text) for __use_two_region_memory
    startup.o(RESET) refers to startup.o(STACK) for StackMem
    startup.o(RESET) refers to spaceinvaders.o(i.SysTick_Handler) for SysTick_Handler
    startup.o(RESET) refers to virtualnokia5110.o(i.UART0_Handler) for UART0_Handler
    startup.o(RESET) refers to sound.o(i.Timer2A_Handler) for Timer2A_Handler
    startup.o(RESET) refers to timer3.o(i.Timer3A_Handler) for Timer3A_Handler
    startup.o(RESET) refers to texas.o(i.Timer4A_Handler) for Timer4A_Handler
    startup.o(RESET) refers to texas.o(i.Timer5A_Handler) for Timer5A_Handler
    startup.o(RESET) refers to __main.o(!!!main) for __main
    startup.o(.text) refers (Special) to heapauxi.o(.text) for __use_two_region_memory
    startup.o(.text) refers to startup.o(HEAP) for HeapMem
    startup.o(.text) refers to startup.o(STACK) for StackMem
    random.o(.text) refers to random.o(DATA) for M
    spaceinvaders.o(i.Draw) refers to virtualnokia5110.o(i.Nokia5110_ClearBuffer) for Nokia5110_ClearBuffer
    spaceinvaders.o(i.Draw) refers to virtualnokia5110.o(i.Nokia5110_PrintBMP) for Nokia5110_PrintBMP
    spaceinvaders.o(i.Draw) refers to virtualnokia5110.o(i.Nokia5110_DisplayBuffer) for Nokia5110_DisplayBuffer
    spaceinvaders.o(i.Draw) refers to spaceinvaders.o(.data) for lose
    spaceinvaders.o(i.Draw) refers to spaceinvaders.o(.bss) for PlayerShip
    spaceinvaders.o(i.Game_Over) refers to spaceinvaders.o(i.Delay100ms) for Delay100ms
    spaceinvaders.o(i.Game_Over) refers to virtualnokia5110.o(i.Nokia5110_Clear) for Nokia5110_Clear
    spaceinvaders.o(i.Game_Over) refers to virtualnokia5110.o(i.Nokia5110_SetCursor) for Nokia5110_SetCursor
    spaceinvaders.o(i.Game_Over) refers to virtualnokia5110.o(i.Nokia5110_OutString) for Nokia5110_OutString
    spaceinvaders.o(i.Game_Over) refers to virtualnokia5110.o(i.Nokia5110_OutUDec) for Nokia5110_OutUDec
    spaceinvaders.o(i.Game_Over) refers to spaceinvaders.o(i.NewScreen) for NewScreen
    spaceinvaders.o(i.Game_Over) refers to spaceinvaders.o(.data) for lose
    spaceinvaders.o(i.Game_Over) refers to spaceinvaders.o(.bss) for Gun
    spaceinvaders.o(i.MoveEnemy) refers to spaceinvaders.o(.data) for enemyDirection
    spaceinvaders.o(i.MoveEnemy) refers to spaceinvaders.o(.bss) for Enemy
    spaceinvaders.o(i.MovePlayer) refers to adc.o(i.ADC0_In) for ADC0_In
    spaceinvaders.o(i.MovePlayer) refers to spaceinvaders.o(.constdata) for PlayerShip0
    spaceinvaders.o(i.MovePlayer) refers to spaceinvaders.o(.bss) for PlayerShip
    spaceinvaders.o(i.MoveShots) refers to spaceinvaders.o(.bss) for Gun
    spaceinvaders.o(i.NewScreen) refers to spaceinvaders.o(i.Delay100ms) for Delay100ms
    spaceinvaders.o(i.NewScreen) refers to virtualnokia5110.o(i.Nokia5110_Clear) for Nokia5110_Clear
    spaceinvaders.o(i.NewScreen) refers to virtualnokia5110.o(i.Nokia5110_SetCursor) for Nokia5110_SetCursor
    spaceinvaders.o(i.NewScreen) refers to virtualnokia5110.o(i.Nokia5110_OutString) for Nokia5110_OutString
    spaceinvaders.o(i.NewScreen) refers to virtualnokia5110.o(i.Nokia5110_OutUDec) for Nokia5110_OutUDec
    spaceinvaders.o(i.NewScreen) refers to spaceinvaders.o(i.ParameterInit) for ParameterInit
    spaceinvaders.o(i.NewScreen) refers to spaceinvaders.o(i.Draw) for Draw
    spaceinvaders.o(i.NewScreen) refers to spaceinvaders.o(.data) for lose
    spaceinvaders.o(i.NewScreen) refers to spaceinvaders.o(.bss) for Gun
    spaceinvaders.o(i.ParameterInit) refers to spaceinvaders.o(.bss) for PlayerShip
    spaceinvaders.o(i.ParameterInit) refers to spaceinvaders.o(.constdata) for PlayerShip0
    spaceinvaders.o(i.SysTick_Handler) refers to spaceinvaders.o(i.createPlayerShot) for createPlayerShot
    spaceinvaders.o(i.SysTick_Handler) refers to spaceinvaders.o(i.createEnemyShot) for createEnemyShot
    spaceinvaders.o(i.SysTick_Handler) refers to spaceinvaders.o(i.checkEntities) for checkEntities
    spaceinvaders.o(i.SysTick_Handler) refers to spaceinvaders.o(i.MovePlayer) for MovePlayer
    spaceinvaders.o(i.SysTick_Handler) refers to spaceinvaders.o(i.MoveShots) for MoveShots
    spaceinvaders.o(i.SysTick_Handler) refers to spaceinvaders.o(i.MoveEnemy) for MoveEnemy
    spaceinvaders.o(i.SysTick_Handler) refers to spaceinvaders.o(.data) for special
    spaceinvaders.o(i.checkButtons) refers to switch.o(i.turnOnLED) for turnOnLED
    spaceinvaders.o(i.checkButtons) refers to switch.o(i.turnOffLED) for turnOffLED
    spaceinvaders.o(i.checkButtons) refers to spaceinvaders.o(.bss) for Gun
    spaceinvaders.o(i.checkEnemyGun) refers to spaceinvaders.o(i.damaged) for damaged
[...]
    virtualnokia5110.o(i.Nokia5110_Init) refers to virtualnokia5110.o(i.UART_Init) for UART_Init
    virtualnokia5110.o(i.Nokia5110_Init) refers to virtualnokia5110.o(.bss) for BMPtable
    virtualnokia5110.o(i.Nokia5110_OutChar) refers to virtualnokia5110.o(i.UART_OutChar) for UART_OutChar
    virtualnokia5110.o(i.Nokia5110_OutString) refers to virtualnokia5110.o(i.Nokia5110_OutChar) for Nokia5110_OutChar
    virtualnokia5110.o(i.Nokia5110_OutUDec) refers to virtualnokia5110.o(i.Nokia5110_OutString) for Nokia5110_OutString
    virtualnokia5110.o(i.Nokia5110_OutUDec) refers to virtualnokia5110.o(i.Nokia5110_OutChar) for Nokia5110_OutChar
    virtualnokia5110.o(i.Nokia5110_PrintBMP) refers to virtualnokia5110.o(i.UART_OutChar) for UART_OutChar
    virtualnokia5110.o(i.Nokia5110_PrintBMP) refers to virtualnokia5110.o(.bss) for BMPtable
    virtualnokia5110.o(i.Nokia5110_SetCursor) refers to virtualnokia5110.o(i.UART_OutChar) for UART_OutChar
    virtualnokia5110.o(i.RxFifo_Get) refers to virtualnokia5110.o(.data) for RxPutI
    virtualnokia5110.o(i.RxFifo_Get) refers to virtualnokia5110.o(.bss) for RxFifo
    virtualnokia5110.o(i.RxFifo_Init) refers to startup.o(.text) for StartCritical
    virtualnokia5110.o(i.RxFifo_Init) refers to virtualnokia5110.o(.data) for RxGetI
    virtualnokia5110.o(i.RxFifo_Put) refers to virtualnokia5110.o(.data) for RxPutI
    virtualnokia5110.o(i.RxFifo_Put) refers to virtualnokia5110.o(.bss) for RxFifo
    virtualnokia5110.o(i.RxFifo_Size) refers to virtualnokia5110.o(.data) for RxPutI
    virtualnokia5110.o(i.TxFifo_Get) refers to virtualnokia5110.o(.data) for TxPutI
    virtualnokia5110.o(i.TxFifo_Get) refers to virtualnokia5110.o(.bss) for TxFifo
    virtualnokia5110.o(i.TxFifo_Init) refers to startup.o(.text) for StartCritical
    virtualnokia5110.o(i.TxFifo_Init) refers to virtualnokia5110.o(.data) for TxGetI
    virtualnokia5110.o(i.TxFifo_Put) refers to virtualnokia5110.o(.data) for TxPutI
    virtualnokia5110.o(i.TxFifo_Put) refers to virtualnokia5110.o(.bss) for TxFifo
    virtualnokia5110.o(i.TxFifo_Size) refers to virtualnokia5110.o(.data) for TxPutI
    virtualnokia5110.o(i.UART0_Handler) refers to virtualnokia5110.o(i.copySoftwareToHardware) for copySoftwareToHardware
    virtualnokia5110.o(i.UART0_Handler) refers to virtualnokia5110.o(i.TxFifo_Size) for TxFifo_Size
    virtualnokia5110.o(i.UART0_Handler) refers to virtualnokia5110.o(i.copyHardwareToSoftware) for copyHardwareToSoftware
    virtualnokia5110.o(i.UART_InChar) refers to virtualnokia5110.o(i.RxFifo_Get) for RxFifo_Get
    virtualnokia5110.o(i.UART_Init) refers to virtualnokia5110.o(i.RxFifo_Init) for RxFifo_Init
    virtualnokia5110.o(i.UART_Init) refers to virtualnokia5110.o(i.TxFifo_Init) for TxFifo_Init
    virtualnokia5110.o(i.UART_OutChar) refers to virtualnokia5110.o(i.TxFifo_Put) for TxFifo_Put
    virtualnokia5110.o(i.UART_OutChar) refers to virtualnokia5110.o(i.copySoftwareToHardware) for copySoftwareToHardware
    virtualnokia5110.o(i.copyHardwareToSoftware) refers to virtualnokia5110.o(i.RxFifo_Put) for RxFifo_Put
    virtualnokia5110.o(i.copyHardwareToSoftware) refers to virtualnokia5110.o(i.RxFifo_Size) for RxFifo_Size
    virtualnokia5110.o(i.copySoftwareToHardware) refers to virtualnokia5110.o(i.TxFifo_Get) for TxFifo_Get
    virtualnokia5110.o(i.copySoftwareToHardware) refers to virtualnokia5110.o(i.TxFifo_Size) for TxFifo_Size
    sound.o(i.Play) refers to dac.o(i.DAC_Out) for DAC_Out
    sound.o(i.Play) refers to sound.o(.data) for Counter
    sound.o(i.Sound_Explosion) refers to sound.o(i.Sound_Play) for Sound_Play
    sound.o(i.Sound_Explosion) refers to sound.o(.constdata) for explosion
    sound.o(i.Sound_Fastinvader1) refers to sound.o(i.Sound_Play) for Sound_Play
    sound.o(i.Sound_Fastinvader1) refers to sound.o(.constdata) for fastinvader1
    sound.o(i.Sound_Fastinvader2) refers to sound.o(i.Sound_Play) for Sound_Play
    sound.o(i.Sound_Fastinvader2) refers to sound.o(.constdata) for fastinvader2
    sound.o(i.Sound_Fastinvader3) refers to sound.o(i.Sound_Play) for Sound_Play
    sound.o(i.Sound_Fastinvader3) refers to sound.o(.constdata) for fastinvader3
    sound.o(i.Sound_Fastinvader4) refers to sound.o(i.Sound_Play) for Sound_Play
    sound.o(i.Sound_Fastinvader4) refers to sound.o(.constdata) for fastinvader4
    sound.o(i.Sound_Highpitch) refers to sound.o(i.Sound_Play) for Sound_Play
    sound.o(i.Sound_Highpitch) refers to sound.o(.constdata) for highpitch
    sound.o(i.Sound_Killed) refers to sound.o(i.Sound_Play) for Sound_Play
    sound.o(i.Sound_Killed) refers to sound.o(.constdata) for invaderkilled
    sound.o(i.Sound_Play) refers to sound.o(i.Timer2A_Start) for Timer2A_Start
    sound.o(i.Sound_Play) refers to sound.o(.data) for Wave
    sound.o(i.Sound_Shoot) refers to sound.o(i.Sound_Play) for Sound_Play
    sound.o(i.Sound_Shoot) refers to sound.o(.constdata) for shoot
    sound.o(i.Timer2A_Handler) refers to dac.o(i.DAC_Out) for DAC_Out
    sound.o(i.Timer2A_Handler) refers to sound.o(i.Timer2A_Stop) for Timer2A_Stop
    sound.o(i.Timer2A_Handler) refers to sound.o(.data) for Counter
    sound.o(i.Timer2_Init) refers to sound.o(.data) for TimerCount
    timer3.o(i.Timer3A_Handler) refers to timer3.o(.data) for PeriodicTask
    timer3.o(i.Timer3_Init) refers to timer3.o(.data) for PeriodicTask
    __main.o(!!!main) refers to rtentry.o(.ARM.Collect$$rtentry$$00000000) for __rt_entry
    rtentry.o(.ARM.Collect$$rtentry$$00000000) refers (Special) to rtentry2.o(.ARM.Collect$$rtentry$$0000000A) for __rt_entry_li
    rtentry.o(.ARM.Collect$$rtentry$$00000000) refers (Special) to rtentry2.o(.ARM.Collect$$rtentry$$0000000D) for __rt_entry_main
    rtentry.o(.ARM.Collect$$rtentry$$00000000) refers (Special) to rtentry2.o(.ARM.Collect$$rtentry$$0000000C) for __rt_entry_postli_1
    rtentry.o(.ARM.Collect$$rtentry$$00000000) refers (Special) to rtentry2.o(.ARM.Collect$$rtentry$$00000009) for __rt_entry_postsh_1
    rtentry.o(.ARM.Collect$$rtentry$$00000000) refers (Special) to rtentry2.o(.ARM.Collect$$rtentry$$00000002) for __rt_entry_presh_1
    rtentry.o(.ARM.Collect$$rtentry$$00000000) refers (Special) to rtentry4.o(.ARM.Collect$$rtentry$$00000004) for __rt_entry_sh
    rtentry2.o(.ARM.Collect$$rtentry$$00000008) refers to boardinit2.o(.text) for _platform_post_stackheap_init
    rtentry2.o(.ARM.Collect$$rtentry$$0000000A) refers to libinit.o(.ARM.Collect$$libinit$$00000000) for __rt_lib_init
    rtentry2.o(.ARM.Collect$$rtentry$$0000000B) refers to boardinit3.o(.text) for _platform_post_lib_init
    rtentry2.o(.ARM.Collect$$rtentry$$0000000D) refers to spaceinvaders.o(i.main) for main
    rtentry2.o(.ARM.Collect$$rtentry$$0000000D) refers to exit.o(.text) for exit
    rtentry2.o(.ARM.exidx) refers to rtentry2.o(.ARM.Collect$$rtentry$$00000001) for .ARM.Collect$$rtentry$$00000001
    rtentry2.o(.ARM.exidx) refers to rtentry2.o(.ARM.Collect$$rtentry$$00000008) for .ARM.Collect$$rtentry$$00000008
    rtentry2.o(.ARM.exidx) refers to rtentry2.o(.ARM.Collect$$rtentry$$0000000A) for .ARM.Collect$$rtentry$$0000000A
    rtentry2.o(.ARM.exidx) refers to rtentry2.o(.ARM.Collect$$rtentry$$0000000B) for .ARM.Collect$$rtentry$$0000000B
    rtentry2.o(.ARM.exidx) refers to rtentry2.o(.ARM.Collect$$rtentry$$0000000D) for .ARM.Collect$$rtentry$$0000000D
    rtentry4.o(.ARM.Collect$$rtentry$$00000004) refers to sys_stackheap_outer.o(.text) for __user_setup_stackheap
    rtentry4.o(.ARM.exidx) refers to rtentry4.o(.ARM.Collect$$rtentry$$00000004) for .ARM.Collect$$rtentry$$00000004
    sys_stackheap_outer.o(.text) refers to libspace.o(.text) for __user_perproc_libspace
    sys_stackheap_outer.o(.text) refers to startup.o(.text) for __user_initial_stackheap
    exit.o(.text) refers to rtexit.o(.ARM.Collect$$rtexit$$00000000) for __rt_exit
    libinit.o(.ARM.Collect$$libinit$$00000000) refers (Special) to libinit2.o(.ARM.Collect$$libinit$$0000002C) for __rt_lib_init_alloca_1
    libinit.o(.ARM.Collect$$libinit$$00000000) refers (Special) to libinit2.o(.ARM.Collect$$libinit$$0000002A) for __rt_lib_init_argv_1
    libinit.o(.ARM.Collect$$libinit$$00000000) refers (Special) to libinit2.o(.ARM.Collect$$libinit$$00000019) for __rt_lib_init_atexit_1
    libinit.o(.ARM.Collect$$libinit$$00000000) refers (Special) to libinit2.o(.ARM.Collect$$libinit$$0000001F) for __rt_lib_init_clock_1
    libinit.o(.ARM.Collect$$libinit$$00000000) refers (Special) to libinit2.o(.ARM.Collect$$libinit$$00000030) for __rt_lib_init_cpp_1
    libinit.o(.ARM.Collect$$libinit$$00000000) refers (Special) to libinit2.o(.ARM.Collect$$libinit$$0000002E) for __rt_lib_init_exceptions_1
    libinit.o(.ARM.Collect$$libinit$$00000000) refers (Special) to libinit2.o(.ARM.Collect$$libinit$$00000002) for __rt_lib_init_fp_1
    libinit.o(.ARM.Collect$$libinit$$00000000) refers (Special) to libinit2.o(.ARM.Collect$$libinit$$0000001D) for __rt_lib_init_fp_trap_1
    libinit.o(.ARM.Collect$$libinit$$00000000) refers (Special) to libinit2.o(.ARM.Collect$$libinit$$00000021) for __rt_lib_init_getenv_1
    libinit.o(.ARM.Collect$$libinit$$00000000) refers (Special) to libinit2.o(.ARM.Collect$$libinit$$00000008) for __rt_lib_init_heap_1
    libinit.o(.ARM.Collect$$libinit$$00000000) refers (Special) to libinit2.o(.ARM.Collect$$libinit$$0000000F) for __rt_lib_init_lc_collate_1
    libinit.o(.ARM.Collect$$libinit$$00000000) refers (Special) to libinit2.o(.ARM.Collect$$libinit$$00000011) for __rt_lib_init_lc_ctype_1
    libinit.o(.ARM.Collect$$libinit$$00000000) refers (Special) to libinit2.o(.ARM.Collect$$libinit$$00000013) for __rt_lib_init_lc_monetary_1
    libinit.o(.ARM.Collect$$libinit$$00000000) refers (Special) to libinit2.o(.ARM.Collect$$libinit$$00000015) for __rt_lib_init_lc_numeric_1
    libinit.o(.ARM.Collect$$libinit$$00000000) refers (Special) to libinit2.o(.ARM.Collect$$libinit$$00000017) for __rt_lib_init_lc_time_1
    libinit.o(.ARM.Collect$$libinit$$00000000) refers (Special) to libinit2.o(.ARM.Collect$$libinit$$0000000C) for __rt_lib_init_rand_1
    libinit.o(.ARM.Collect$$libinit$$00000000) refers (Special) to libinit2.o(.ARM.Collect$$libinit$$00000031) for __rt_lib_init_return
    libinit.o(.ARM.Collect$$libinit$$00000000) refers (Special) to libinit2.o(.ARM.Collect$$libinit$$0000001B) for __rt_lib_init_signal_1
    libinit.o(.ARM.Collect$$libinit$$00000000) refers (Special) to libinit2.o(.ARM.Collect$$libinit$$00000023) for __rt_lib_init_stdio_1
    libinit.o(.ARM.Collect$$libinit$$00000000) refers (Special) to libinit2.o(.ARM.Collect$$libinit$$0000000A) for __rt_lib_init_user_alloc_1
    libspace.o(.text) refers to libspace.o(.bss) for __libspace_start
    rtexit.o(.ARM.Collect$$rtexit$$00000000) refers (Special) to rtexit2.o(.ARM.Collect$$rtexit$$00000004) for __rt_exit_exit
    rtexit.o(.ARM.Collect$$rtexit$$00000000) refers (Special) to rtexit2.o(.ARM.Collect$$rtexit$$00000003) for __rt_exit_ls
    rtexit.o(.ARM.Collect$$rtexit$$00000000) refers (Special) to rtexit2.o(.ARM.Collect$$rtexit$$00000002) for __rt_exit_prels_1
    rtexit.o(.ARM.exidx) refers (Special) to rtexit2.o(.ARM.Collect$$rtexit$$00000004) for __rt_exit_exit
    rtexit.o(.ARM.exidx) refers (Special) to rtexit2.o(.ARM.Collect$$rtexit$$00000003) for __rt_exit_ls
    rtexit.o(.ARM.exidx) refers (Special) to rtexit2.o(.ARM.Collect$$rtexit$$00000002) for __rt_exit_prels_1
    rtexit.o(.ARM.exidx) refers to rtexit.o(.ARM.Collect$$rtexit$$00000000) for .ARM.Collect$$rtexit$$00000000
    libinit2.o(.ARM.Collect$$libinit$$0000000E) refers to libinit2.o(.ARM.Collect$$libinit$$0000000D) for .ARM.Collect$$libinit$$0000000D
    libinit2.o(.ARM.Collect$$libinit$$00000010) refers to libinit2.o(.ARM.Collect$$libinit$$0000000D) for .ARM.Collect$$libinit$$0000000D
    libinit2.o(.ARM.Collect$$libinit$$00000012) refers to libinit2.o(.ARM.Collect$$libinit$$0000000D) for .ARM.Collect$$libinit$$0000000D
    libinit2.o(.ARM.Collect$$libinit$$00000014) refers to libinit2.o(.ARM.Collect$$libinit$$0000000D) for .ARM.Collect$$libinit$$0000000D
    libinit2.o(.ARM.Collect$$libinit$$00000016) refers to libinit2.o(.ARM.Collect$$libinit$$0000000D) for .ARM.Collect$$libinit$$0000000D
    libinit2.o(.ARM.Collect$$libinit$$00000024) refers to argv_veneer.o(.emb_text) for __ARM_argv_veneer
    libinit2.o(.ARM.Collect$$libinit$$00000025) refers to argv_veneer.o(.emb_text) for __ARM_argv_veneer
    rtexit2.o(.ARM.Collect$$rtexit$$00000003) refers to libshutdown.o(.ARM.Collect$$libshutdown$$00000000) for __rt_lib_shutdown
    rtexit2.o(.ARM.Collect$$rtexit$$00000004) refers to sys_exit.o(.text) for _sys_exit
    rtexit2.o(.ARM.exidx) refers to rtexit2.o(.ARM.Collect$$rtexit$$00000001) for .ARM.Collect$$rtexit$$00000001
    rtexit2.o(.ARM.exidx) refers to rtexit2.o(.ARM.Collect$$rtexit$$00000003) for .ARM.Collect$$rtexit$$00000003
    rtexit2.o(.ARM.exidx) refers to rtexit2.o(.ARM.Collect$$rtexit$$00000004) for .ARM.Collect$$rtexit$$00000004
    argv_veneer.o(.emb_text) refers to no_argv.o(.text) for __ARM_get_argv
    sys_exit.o(.text) refers (Special) to use_no_semi.o(.text) for __I$use$semihosting
    sys_exit.o(.text) refers (Special) to indicate_semi.o(.text) for __semihosting_library_function
    _get_argv_nomalloc.o(.text) refers (Special) to hrguard.o(.text) for __heap_region$guard
    _get_argv_nomalloc.o(.text) refers to defsig_rtmem_outer.o(.text) for __rt_SIGRTMEM
    _get_argv_nomalloc.o(.text) refers to sys_command.o(.text) for _sys_command_string
    libshutdown.o(.ARM.Collect$$libshutdown$$00000000) refers (Special) to libshutdown2.o(.ARM.Collect$$libshutdown$$00000006) for __rt_lib_shutdown_fp_trap_1
    libshutdown.o(.ARM.Collect$$libshutdown$$00000000) refers (Special) to libshutdown2.o(.ARM.Collect$$libshutdown$$0000000E) for __rt_lib_shutdown_heap_1
    libshutdown.o(.ARM.Collect$$libshutdown$$00000000) refers (Special) to libshutdown2.o(.ARM.Collect$$libshutdown$$0000000F) for __rt_lib_shutdown_return
    libshutdown.o(.ARM.Collect$$libshutdown$$00000000) refers (Special) to libshutdown2.o(.ARM.Collect$$libshutdown$$00000009) for __rt_lib_shutdown_signal_1
    libshutdown.o(.ARM.Collect$$libshutdown$$00000000) refers (Special) to libshutdown2.o(.ARM.Collect$$libshutdown$$00000003) for __rt_lib_shutdown_stdio_1
    libshutdown.o(.ARM.Collect$$libshutdown$$00000000) refers (Special) to libshutdown2.o(.ARM.Collect$$libshutdown$$0000000B) for __rt_lib_shutdown_user_alloc_1
    sys_command.o(.text) refers (Special) to use_no_semi.o(.text) for __I$use$semihosting
    sys_command.o(.text) refers (Special) to indicate_semi.o(.text) for __semihosting_library_function
    defsig_rtmem_outer.o(.text) refers to defsig_rtmem_inner.o(.text) for __rt_SIGRTMEM_inner
    defsig_rtmem_outer.o(.text) refers to defsig_exit.o(.text) for __sig_exit
    defsig_rtmem_formal.o(.text) refers to rt_raise.o(.text) for __rt_raise
    rt_raise.o(.text) refers to __raise.o(.text) for __raise
    rt_raise.o(.text) refers to sys_exit.o(.text) for _sys_exit
    defsig_exit.o(.text) refers to sys_exit.o(.text) for _sys_exit
    defsig_rtmem_inner.o(.text) refers to defsig_general.o(.text) for __default_signal_display
    __raise.o(.text) refers to defsig.o(CL$$defsig) for __default_signal_handler
    defsig_general.o(.text) refers to sys_wrch.o(.text) for _ttywrch
    sys_wrch.o(.text) refers (Special) to use_no_semi.o(.text) for __I$use$semihosting
    sys_wrch.o(.text) refers (Special) to indicate_semi.o(.text) for __semihosting_library_function
    defsig.o(CL$$defsig) refers to defsig_rtmem_inner.o(.text) for __rt_SIGRTMEM_inner
    defsig_abrt_inner.o(.text) refers to defsig_general.o(.text) for __default_signal_display
    defsig_fpe_inner.o(.text) refers to defsig_general.o(.text) for __default_signal_display
    defsig_rtred_inner.o(.text) refers to defsig_general.o(.text) for __default_signal_display
    defsig_stak_inner.o(.text) refers to defsig_general.o(.text) for __default_signal_display
    defsig_pvfn_inner.o(.text) refers to defsig_general.o(.text) for __default_signal_display
    defsig_cppl_inner.o(.text) refers to defsig_general.o(.text) for __default_signal_display
    defsig_segv_inner.o(.text) refers to defsig_general.o(.text) for __default_signal_display
    defsig_other.o(.text) refers to defsig_general.o(.text) for __default_signal_display


==============================================================================

Removing Unused input sections from the image.

    Removing texas.o(i.SetMode), (24 bytes).
    Removing texas.o(i.StartTimer4), (36 bytes).
    Removing texas.o(i.StopTimer4), (24 bytes).
    Removing texas.o(i.TExaS_Stop), (28 bytes).
    Removing texas.o(i.UART0_InChar), (24 bytes).
    Removing texas.o(i.UART0_InCharNonBlocking), (28 bytes).
    Removing texas.o(i.UART0_OutChar), (24 bytes).
    Removing texas.o(i.UART0_OutCharNonBlock), (12 bytes).
    Removing texas.o(i.copy), (18 bytes).
    Removing virtualnokia5110.o(i.Nokia5110_DrawFullImage), (30 bytes).
    Removing virtualnokia5110.o(i.RxFifo_Get), (60 bytes).
    Removing virtualnokia5110.o(i.UART_InChar), (20 bytes).
    Removing virtualnokia5110.o(.constdata), (480 bytes).
    Removing switch.o(i.wasPressedPE0), (64 bytes).
    Removing switch.o(i.wasPressedPE1), (64 bytes).
    Removing sound.o(i.Play), (72 bytes).
    Removing sound.o(i.Sound_Fastinvader1), (20 bytes).
    Removing sound.o(i.Sound_Fastinvader2), (20 bytes).
    Removing sound.o(i.Sound_Fastinvader3), (20 bytes).
    Removing sound.o(i.Sound_Fastinvader4), (20 bytes).
    Removing sound.o(i.Sound_Highpitch), (20 bytes).

21 unused section(s) (total 1108 bytes) removed from the image.

==============================================================================

Image Symbol Table

    Local Symbols

    Symbol Name                              Value     Ov Type        Size  Object(Section)

    RESET                                    0x00000000   Section      644  startup.o(RESET)
    ../clib/angel/boardlib.s                 0x00000000   Number         0  boardinit2.o ABSOLUTE
    ../clib/angel/boardlib.s                 0x00000000   Number         0  boardinit3.o ABSOLUTE
    ../clib/angel/boardlib.s                 0x00000000   Number         0  boardinit1.o ABSOLUTE
    ../clib/angel/boardlib.s                 0x00000000   Number         0  boardshut.o ABSOLUTE
    ../clib/angel/handlers.s                 0x00000000   Number         0  __scatter_zi.o ABSOLUTE
    ../clib/angel/handlers.s                 0x00000000   Number         0  __scatter_copy.o ABSOLUTE
    ../clib/angel/kernel.s                   0x00000000   Number         0  rtexit.o ABSOLUTE
    ../clib/angel/kernel.s                   0x00000000   Number         0  rtexit2.o ABSOLUTE
    ../clib/angel/kernel.s                   0x00000000   Number         0  rtentry4.o ABSOLUTE
    ../clib/angel/kernel.s                   0x00000000   Number         0  rtentry2.o ABSOLUTE
    ../clib/angel/kernel.s                   0x00000000   Number         0  rtentry.o ABSOLUTE
    ../clib/angel/rt.s                       0x00000000   Number         0  rt_raise.o ABSOLUTE
    ../clib/angel/scatter.s                  0x00000000   Number         0  __scatter.o ABSOLUTE
    ../clib/angel/startup.s                  0x00000000   Number         0  __main.o ABSOLUTE
    ../clib/angel/sys.s                      0x00000000   Number         0  libspace.o ABSOLUTE
    ../clib/angel/sys.s                      0x00000000   Number         0  sys_stackheap_outer.o ABSOLUTE
    ../clib/angel/sys.s                      0x00000000   Number         0  use_no_semi.o ABSOLUTE
    ../clib/angel/sys.s                      0x00000000   Number         0  indicate_semi.o ABSOLUTE
    ../clib/angel/sysapp.c                   0x00000000   Number         0  sys_exit.o ABSOLUTE
    ../clib/angel/sysapp.c                   0x00000000   Number         0  sys_command.o ABSOLUTE
    ../clib/angel/sysapp.c                   0x00000000   Number         0  sys_wrch.o ABSOLUTE
    ../clib/armsys.c                         0x00000000   Number         0  argv_veneer.o ABSOLUTE
    ../clib/armsys.c                         0x00000000   Number         0  argv_veneer.o ABSOLUTE
    ../clib/armsys.c                         0x00000000   Number         0  _get_argv_nomalloc.o ABSOLUTE
    ../clib/armsys.c                         0x00000000   Number         0  no_argv.o ABSOLUTE
    ../clib/heapalloc.c                      0x00000000   Number         0  hrguard.o ABSOLUTE
    ../clib/heapaux.c                        0x00000000   Number         0  heapauxi.o ABSOLUTE
    ../clib/libinit.s                        0x00000000   Number         0  libshutdown.o ABSOLUTE
    ../clib/libinit.s                        0x00000000   Number         0  libinit2.o ABSOLUTE
    ../clib/libinit.s                        0x00000000   Number         0  libinit.o ABSOLUTE
    ../clib/libinit.s                        0x00000000   Number         0  libshutdown2.o ABSOLUTE
    ../clib/signal.c                         0x00000000   Number         0  defsig_rtmem_inner.o ABSOLUTE
    ../clib/signal.c                         0x00000000   Number         0  defsig_other.o ABSOLUTE
    ../clib/signal.c                         0x00000000   Number         0  defsig_segv_inner.o ABSOLUTE
    ../clib/signal.c                         0x00000000   Number         0  defsig_cppl_inner.o ABSOLUTE
    ../clib/signal.c                         0x00000000   Number         0  defsig_stak_inner.o ABSOLUTE
    ../clib/signal.c                         0x00000000   Number         0  defsig_rtred_inner.o ABSOLUTE
    ../clib/signal.c                         0x00000000   Number         0  defsig_fpe_inner.o ABSOLUTE
    ../clib/signal.c                         0x00000000   Number         0  defsig_abrt_inner.o ABSOLUTE
    ../clib/signal.c                         0x00000000   Number         0  defsig_general.o ABSOLUTE
    ../clib/signal.c                         0x00000000   Number         0  __raise.o ABSOLUTE
    ../clib/signal.c                         0x00000000   Number         0  defsig_pvfn_inner.o ABSOLUTE
    ../clib/signal.c                         0x00000000   Number         0  defsig_exit.o ABSOLUTE
    ../clib/signal.c                         0x00000000   Number         0  defsig_rtmem_formal.o ABSOLUTE
    ../clib/signal.c                         0x00000000   Number         0  defsig_rtmem_outer.o ABSOLUTE
    ../clib/signal.s                         0x00000000   Number         0  defsig.o ABSOLUTE
    ../clib/stdlib.c                         0x00000000   Number         0  exit.o ABSOLUTE
    ../fplib/fpinit.s                        0x00000000   Number         0  fpinit.o ABSOLUTE
    ADC.c                                    0x00000000   Number         0  adc.o ABSOLUTE
    DAC.c                                    0x00000000   Number         0  dac.o ABSOLUTE
    Sound.c                                  0x00000000   Number         0  sound.o ABSOLUTE
    SpaceInvaders.c                          0x00000000   Number         0  spaceinvaders.o ABSOLUTE
    Switch.c                                 0x00000000   Number         0  switch.o ABSOLUTE
    TExaS.c                                  0x00000000   Number         0  texas.o ABSOLUTE
    Timer3.c                                 0x00000000   Number         0  timer3.o ABSOLUTE
    VirtualNokia5110.c                       0x00000000   Number         0  virtualnokia5110.o ABSOLUTE
    dc.s                                     0x00000000   Number         0  dc.o ABSOLUTE
    random.s                                 0x00000000   Number         0  random.o ABSOLUTE
    startup.s                                0x00000000   Number         0  startup.o ABSOLUTE
    !!!main                                  0x00000284   Section        8  __main.o(!!!main)
    !!!scatter                               0x0000028c   Section       52  __scatter.o(!!!scatter)
    !!handler_copy                           0x000002c0   Section       26  __scatter_copy.o(!!handler_copy)
    !!handler_zi                             0x000002dc   Section       28  __scatter_zi.o(!!handler_zi)
    .ARM.Collect$$libinit$$00000000          0x000002f8   Section        2  libinit.o(.ARM.Collect$$libinit$$00000000)
    .ARM.Collect$$libinit$$00000002          0x000002fa   Section        0  libinit2.o(.ARM.Collect$$libinit$$00000002)
    .ARM.Collect$$libinit$$00000008          0x000002fa   Section        0  libinit2.o(.ARM.Collect$$libinit$$00000008)
    .ARM.Collect$$libinit$$0000000A          0x000002fa   Section        0  libinit2.o(.ARM.Collect$$libinit$$0000000A)
    .ARM.Collect$$libinit$$0000000C          0x000002fa   Section        0  libinit2.o(.ARM.Collect$$libinit$$0000000C)
    .ARM.Collect$$libinit$$0000000F          0x000002fa   Section        0  libinit2.o(.ARM.Collect$$libinit$$0000000F)
    .ARM.Collect$$libinit$$00000011          0x000002fa   Section        0  libinit2.o(.ARM.Collect$$libinit$$00000011)
    .ARM.Collect$$libinit$$00000013          0x000002fa   Section        0  libinit2.o(.ARM.Collect$$libinit$$00000013)
    .ARM.Collect$$libinit$$00000015          0x000002fa   Section        0  libinit2.o(.ARM.Collect$$libinit$$00000015)
    .ARM.Collect$$libinit$$00000017          0x000002fa   Section        0  libinit2.o(.ARM.Collect$$libinit$$00000017)
    .ARM.Collect$$libinit$$00000019          0x000002fa   Section        0  libinit2.o(.ARM.Collect$$libinit$$00000019)
    .ARM.Collect$$libinit$$0000001B          0x000002fa   Section        0  libinit2.o(.ARM.Collect$$libinit$$0000001B)
    .ARM.Collect$$libinit$$0000001D          0x000002fa   Section        0  libinit2.o(.ARM.Collect$$libinit$$0000001D)
    .ARM.Collect$$libinit$$0000001F          0x000002fa   Section        0  libinit2.o(.ARM.Collect$$libinit$$0000001F)
    .ARM.Collect$$libinit$$00000021          0x000002fa   Section        0  libinit2.o(.ARM.Collect$$libinit$$00000021)
    .ARM.Collect$$libinit$$00000023          0x000002fa   Section        0  libinit2.o(.ARM.Collect$$libinit$$00000023)
    .ARM.Collect$$libinit$$0000002A          0x000002fa   Section        0  libinit2.o(.ARM.Collect$$libinit$$0000002A)
    .ARM.Collect$$libinit$$0000002C          0x000002fa   Section        0  libinit2.o(.ARM.Collect$$libinit$$0000002C)
    .ARM.Collect$$libinit$$0000002E          0x000002fa   Section        0  libinit2.o(.ARM.Collect$$libinit$$0000002E)
    .ARM.Collect$$libinit$$00000030          0x000002fa   Section        0  libinit2.o(.ARM.Collect$$libinit$$00000030)
    .ARM.Collect$$libinit$$00000031          0x000002fa   Section        2  libinit2.o(.ARM.Collect$$libinit$$00000031)
    .ARM.Collect$$libshutdown$$00000000      0x000002fc   Section        2  libshutdown.o(.ARM.Collect$$libshutdown$$00000000)
    .ARM.Collect$$libshutdown$$00000003      0x000002fe   Section        0  libshutdown2.o(.ARM.Collect$$libshutdown$$00000003)
    .ARM.Collect$$libshutdown$$00000006      0x000002fe   Section        0  libshutdown2.o(.ARM.Collect$$libshutdown$$00000006)
    .ARM.Collect$$libshutdown$$00000009      0x000002fe   Section        0  libshutdown2.o(.ARM.Collect$$libshutdown$$00000009)
    .ARM.Collect$$libshutdown$$0000000B      0x000002fe   Section        0  libshutdown2.o(.ARM.Collect$$libshutdown$$0000000B)
    .ARM.Collect$$libshutdown$$0000000E      0x000002fe   Section        0  libshutdown2.o(.ARM.Collect$$libshutdown$$0000000E)
    .ARM.Collect$$libshutdown$$0000000F      0x000002fe   Section        2  libshutdown2.o(.ARM.Collect$$libshutdown$$0000000F)
    .ARM.Collect$$rtentry$$00000000          0x00000300   Section        0  rtentry.o(.ARM.Collect$$rtentry$$00000000)
    .ARM.Collect$$rtentry$$00000002          0x00000300   Section        0  rtentry2.o(.ARM.Collect$$rtentry$$00000002)
    .ARM.Collect$$rtentry$$00000004          0x00000300   Section        6  rtentry4.o(.ARM.Collect$$rtentry$$00000004)
    .ARM.Collect$$rtentry$$00000009          0x00000306   Section        0  rtentry2.o(.ARM.Collect$$rtentry$$00000009)
    .ARM.Collect$$rtentry$$0000000A          0x00000306   Section        4  rtentry2.o(.ARM.Collect$$rtentry$$0000000A)
    .ARM.Collect$$rtentry$$0000000C          0x0000030a   Section        0  rtentry2.o(.ARM.Collect$$rtentry$$0000000C)
    .ARM.Collect$$rtentry$$0000000D          0x0000030a   Section        8  rtentry2.o(.ARM.Collect$$rtentry$$0000000D)
    .ARM.Collect$$rtexit$$00000000           0x00000312   Section        2  rtexit.o(.ARM.Collect$$rtexit$$00000000)
    .ARM.Collect$$rtexit$$00000002           0x00000314   Section        0  rtexit2.o(.ARM.Collect$$rtexit$$00000002)
    .ARM.Collect$$rtexit$$00000003           0x00000314   Section        4  rtexit2.o(.ARM.Collect$$rtexit$$00000003)
    .ARM.Collect$$rtexit$$00000004           0x00000318   Section        6  rtexit2.o(.ARM.Collect$$rtexit$$00000004)
    .text                                    0x00000320   Section       48  startup.o(.text)
    .text                                    0x00000350   Section       40  random.o(.text)
    .text                                    0x00000378   Section        0  heapauxi.o(.text)
    .text                                    0x0000037e   Section       74  sys_stackheap_outer.o(.text)
    .text                                    0x000003c8   Section        0  exit.o(.text)
    .text                                    0x000003d4   Section        8  libspace.o(.text)
    .text                                    0x000003dc   Section        0  sys_exit.o(.text)
    .text                                    0x000003e8   Section        2  use_no_semi.o(.text)
    .text                                    0x000003ea   Section        0  indicate_semi.o(.text)
    i.ADC0_In                                0x000003ec   Section        0  adc.o(i.ADC0_In)
    i.ADC0_Init                              0x00000418   Section        0  adc.o(i.ADC0_Init)
    i.ADC1_In                                0x000004e8   Section        0  texas.o(i.ADC1_In)
    i.ADC1_Init                              0x000004f4   Section        0  texas.o(i.ADC1_Init)
    i.DAC_Init                               0x000005c8   Section        0  dac.o(i.DAC_Init)
    i.DAC_Out                                0x00000644   Section        0  dac.o(i.DAC_Out)
    i.Delay100ms                             0x00000650   Section        0  spaceinvaders.o(i.Delay100ms)
    i.Draw                                   0x00000674   Section        0  spaceinvaders.o(i.Draw)
    i.Game_Over                              0x00000858   Section        0  spaceinvaders.o(i.Game_Over)
    i.LED_Init                               0x00000934   Section        0  switch.o(i.LED_Init)
    i.MoveEnemy                              0x000009a0   Section        0  spaceinvaders.o(i.MoveEnemy)
    i.MovePlayer                             0x00000a30   Section        0  spaceinvaders.o(i.MovePlayer)
    i.MoveShots                              0x00000a58   Section        0  spaceinvaders.o(i.MoveShots)
    i.NewScreen                              0x00000b48   Section        0  spaceinvaders.o(i.NewScreen)
    i.Nokia5110_Clear                        0x00000c40   Section        0  virtualnokia5110.o(i.Nokia5110_Clear)
    i.Nokia5110_ClearBuffer                  0x00000c52   Section        0  virtualnokia5110.o(i.Nokia5110_ClearBuffer)
    i.Nokia5110_DisplayBuffer                0x00000c5c   Section        0  virtualnokia5110.o(i.Nokia5110_DisplayBuffer)
    i.Nokia5110_Init                         0x00000c68   Section        0  virtualnokia5110.o(i.Nokia5110_Init)
    i.Nokia5110_OutChar                      0x00000c88   Section        0  virtualnokia5110.o(i.Nokia5110_OutChar)
    i.Nokia5110_OutString                    0x00000c9c   Section        0  virtualnokia5110.o(i.Nokia5110_OutString)
    i.Nokia5110_OutUDec                      0x00000cb4   Section        0  virtualnokia5110.o(i.Nokia5110_OutUDec)
    i.Nokia5110_PrintBMP                     0x00000e50   Section        0  virtualnokia5110.o(i.Nokia5110_PrintBMP)
    i.Nokia5110_SetCursor                    0x00000fb4   Section        0  virtualnokia5110.o(i.Nokia5110_SetCursor)
    i.PLL_Init                               0x00000fd8   Section        0  texas.o(i.PLL_Init)
    i.ParameterInit                          0x00001054   Section        0  spaceinvaders.o(i.ParameterInit)
    i.RxFifo_Init                            0x00001398   Section        0  virtualnokia5110.o(i.RxFifo_Init)
    i.RxFifo_Put                             0x000013bc   Section        0  virtualnokia5110.o(i.RxFifo_Put)
    i.RxFifo_Size                            0x000013f8   Section        0  virtualnokia5110.o(i.RxFifo_Size)
    i.SetCode                                0x00001410   Section        0  texas.o(i.SetCode)
    i.SetCourse                              0x00001428   Section        0  texas.o(i.SetCourse)
    i.Sound_Explosion                        0x00001440   Section        0  sound.o(i.Sound_Explosion)
    i.Sound_Killed                           0x00001454   Section        0  sound.o(i.Sound_Killed)
    i.Sound_Play                             0x00001468   Section        0  sound.o(i.Sound_Play)
    i.Sound_Shoot                            0x00001490   Section        0  sound.o(i.Sound_Shoot)
    i.Switch_Init                            0x000014a4   Section        0  switch.o(i.Switch_Init)
    i.SysTick_Handler                        0x00001510   Section        0  spaceinvaders.o(i.SysTick_Handler)
    i.SysTick_Init                           0x00001564   Section        0  spaceinvaders.o(i.SysTick_Init)
    i.TExaS_Init                             0x00001598   Section        0  texas.o(i.TExaS_Init)
    i.Timer2A_Handler                        0x0000175c   Section        0  sound.o(i.Timer2A_Handler)
    i.Timer2A_Start                          0x000017a8   Section        0  sound.o(i.Timer2A_Start)
    i.Timer2A_Stop                           0x000017bc   Section        0  sound.o(i.Timer2A_Stop)
    i.Timer2_Init                            0x000017d0   Section        0  sound.o(i.Timer2_Init)
    i.Timer3A_Handler                        0x00001838   Section        0  timer3.o(i.Timer3A_Handler)
    i.Timer3_Init                            0x00001850   Section        0  timer3.o(i.Timer3_Init)
    i.Timer4A_Handler                        0x000018b0   Section        0  texas.o(i.Timer4A_Handler)
    i.Timer5A_Handler                        0x000018d0   Section        0  texas.o(i.Timer5A_Handler)
    i.TxFifo_Get                             0x00001900   Section        0  virtualnokia5110.o(i.TxFifo_Get)
    i.TxFifo_Init                            0x0000193c   Section        0  virtualnokia5110.o(i.TxFifo_Init)
    i.TxFifo_Put                             0x00001960   Section        0  virtualnokia5110.o(i.TxFifo_Put)
    i.TxFifo_Size                            0x0000199c   Section        0  virtualnokia5110.o(i.TxFifo_Size)
    i.UART0_Handler                          0x000019b4   Section        0  virtualnokia5110.o(i.UART0_Handler)
    i.UART0_Init                             0x00001a0c   Section        0  texas.o(i.UART0_Init)
    i.UART_Init                              0x00001acc   Section        0  virtualnokia5110.o(i.UART_Init)
    i.UART_OutChar                           0x00001b94   Section        0  virtualnokia5110.o(i.UART_OutChar)
    i.checkButtons                           0x00001bc8   Section        0  spaceinvaders.o(i.checkButtons)
    i.checkEnemyGun                          0x00001c10   Section        0  spaceinvaders.o(i.checkEnemyGun)
    i.checkEntities                          0x00001c94   Section        0  spaceinvaders.o(i.checkEntities)
    i.checkGun                               0x00001ccc   Section        0  spaceinvaders.o(i.checkGun)
    i.checkMissile                           0x00001d50   Section        0  spaceinvaders.o(i.checkMissile)
    i.copyHardwareToSoftware                 0x00001dbc   Section        0  virtualnokia5110.o(i.copyHardwareToSoftware)
    copyHardwareToSoftware                   0x00001dbd   Thumb Code    36  virtualnokia5110.o(i.copyHardwareToSoftware)
    i.copySoftwareToHardware                 0x00001de4   Section        0  virtualnokia5110.o(i.copySoftwareToHardware)
    copySoftwareToHardware                   0x00001de5   Thumb Code    38  virtualnokia5110.o(i.copySoftwareToHardware)
    i.createEnemyShot                        0x00001e10   Section        0  spaceinvaders.o(i.createEnemyShot)
    i.createPlayerShot                       0x00001ed8   Section        0  spaceinvaders.o(i.createPlayerShot)
    i.damageBunker                           0x00001fac   Section        0  spaceinvaders.o(i.damageBunker)
    i.damageEnemy                            0x00002044   Section        0  spaceinvaders.o(i.damageEnemy)
    i.damagePlayer                           0x000020dc   Section        0  spaceinvaders.o(i.damagePlayer)
    i.damaged                                0x0000211c   Section        0  spaceinvaders.o(i.damaged)
    i.main                                   0x00002184   Section        0  spaceinvaders.o(i.main)
    i.turnOffLED                             0x00002280   Section        0  switch.o(i.turnOffLED)
    i.turnOnLED                              0x000022b0   Section        0  switch.o(i.turnOnLED)
    i.updateEExplosion                       0x000022e0   Section        0  spaceinvaders.o(i.updateEExplosion)
    i.updatePlayerExplosion                  0x0000236c   Section        0  spaceinvaders.o(i.updatePlayerExplosion)
    .constdata                               0x000023c4   Section     4411  spaceinvaders.o(.constdata)
    ASCII                                    0x000023c4   Data         480  spaceinvaders.o(.constdata)
    .constdata                               0x000034ff   Section      360  texas.o(.constdata)
    .constdata                               0x00003667   Section    15435  sound.o(.constdata)
    .data                                    0x20000000   Section       36  spaceinvaders.o(.data)
    .data                                    0x20000024   Section       52  texas.o(.data)
    .data                                    0x20000058   Section       16  virtualnokia5110.o(.data)
    .data                                    0x20000068   Section       16  sound.o(.data)
    .data                                    0x20000078   Section        4  timer3.o(.data)
    DATA                                     0x2000007c   Section        4  random.o(DATA)
    M                                        0x2000007c   Data           4  random.o(DATA)
    .bss                                     0x20000080   Section      896  spaceinvaders.o(.bss)
    .bss                                     0x20000400   Section       56  texas.o(.bss)
    .bss                                     0x20000438   Section     1552  virtualnokia5110.o(.bss)
    RxFifo                                   0x20000438   Data          16  virtualnokia5110.o(.bss)
    TxFifo                                   0x20000448   Data         512  virtualnokia5110.o(.bss)
    .bss                                     0x20000a48   Section       96  libspace.o(.bss)
    HEAP                                     0x20000aa8   Section        0  startup.o(HEAP)
    STACK                                    0x20000aa8   Section     1024  startup.o(STACK)
    HeapMem                                  0x20000aa8   Data           0  startup.o(HEAP)
    StackMem                                 0x20000aa8   Data           0  startup.o(STACK)

    Global Symbols

    Symbol Name                              Value     Ov Type        Size  Object(Section)

    BuildAttributes$$THM_ISAv4$E$P$D$K$B$S$7EM$PE$A:L22UL41UL21$X:L11$S22US41US21$IEEE1$IW$USESV6$~STKCKD$USESV7$~SHL$OSPACE$ROPI$EBA8$UX$STANDARDLIB$REQ8$PRES8$EABIv2 0x00000000   Number         0  anon$$obj.o ABSOLUTE
    __ARM_use_no_argv                        0x00000000   Number         0  spaceinvaders.o ABSOLUTE
    __Vectors                                0x00000000   Data           0  startup.o(RESET)
    __ARM_exceptions_init                     - Undefined Weak Reference
    __alloca_initialize                       - Undefined Weak Reference
    __cpp_initialize__aeabi_                  - Undefined Weak Reference
    __cxa_finalize                            - Undefined Weak Reference
    __rt_locale                               - Undefined Weak Reference
    __sigvec_lookup                           - Undefined Weak Reference
    _atexit_init                              - Undefined Weak Reference
    _call_atexit_fns                          - Undefined Weak Reference
    _clock_init                               - Undefined Weak Reference
    _fp_trap_init                             - Undefined Weak Reference
    _fp_trap_shutdown                         - Undefined Weak Reference
    _get_lc_collate                           - Undefined Weak Reference
    _get_lc_ctype                             - Undefined Weak Reference
    _get_lc_monetary                          - Undefined Weak Reference
    _get_lc_numeric                           - Undefined Weak Reference
    _get_lc_time                              - Undefined Weak Reference
    _getenv_init                              - Undefined Weak Reference
    _handle_redirection                       - Undefined Weak Reference
    _init_alloc                               - Undefined Weak Reference
    _init_user_alloc                          - Undefined Weak Reference
    _initio                                   - Undefined Weak Reference
    _rand_init                                - Undefined Weak Reference
    _signal_finish                            - Undefined Weak Reference
    _signal_init                              - Undefined Weak Reference
    _terminate_alloc                          - Undefined Weak Reference
    _terminate_user_alloc                     - Undefined Weak Reference
    _terminateio                              - Undefined Weak Reference
    Reset_Handler                            0x0000026d   Thumb Code     0  startup.o(RESET)
    NMI_Handler                              0x00000271   Thumb Code     2  startup.o(RESET)
    HardFault_Handler                        0x00000273   Thumb Code     2  startup.o(RESET)
    MemManage_Handler                        0x00000275   Thumb Code     2  startup.o(RESET)
    BusFault_Handler                         0x00000277   Thumb Code     2  startup.o(RESET)
    UsageFault_Handler                       0x00000279   Thumb Code     2  startup.o(RESET)
    SVC_Handler                              0x0000027b   Thumb Code     2  startup.o(RESET)
    DebugMon_Handler                         0x0000027d   Thumb Code     2  startup.o(RESET)
    PendSV_Handler                           0x0000027f   Thumb Code     2  startup.o(RESET)
    ADC0Seq0_Handler                         0x00000283   Thumb Code     0  startup.o(RESET)
    ADC0Seq1_Handler                         0x00000283   Thumb Code     0  startup.o(RESET)
    ADC0Seq2_Handler                         0x00000283   Thumb Code     0  startup.o(RESET)
    ADC0Seq3_Handler                         0x00000283   Thumb Code     0  startup.o(RESET)
    ADC1Seq0_Handler                         0x00000283   Thumb Code     0  startup.o(RESET)
    ADC1Seq1_Handler                         0x00000283   Thumb Code     0  startup.o(RESET)
    ADC1Seq2_Handler                         0x00000283   Thumb Code     0  startup.o(RESET)
    ADC1Seq3_Handler                         0x00000283   Thumb Code     0  startup.o(RESET)
    CAN0_Handler                             0x00000283   Thumb Code     0  startup.o(RESET)
    CAN1_Handler                             0x00000283   Thumb Code     0  startup.o(RESET)
    CAN2_Handler                             0x00000283   Thumb Code     0  startup.o(RESET)
    Comp0_Handler                            0x00000283   Thumb Code     0  startup.o(RESET)
    Comp1_Handler                            0x00000283   Thumb Code     0  startup.o(RESET)
    Comp2_Handler                            0x00000283   Thumb Code     0  startup.o(RESET)
    Ethernet_Handler                         0x00000283   Thumb Code     0  startup.o(RESET)
    ExtBus_Handler                           0x00000283   Thumb Code     0  startup.o(RESET)
    FPU_Handler                              0x00000283   Thumb Code     0  startup.o(RESET)
    Fan0_Handler                             0x00000283   Thumb Code     0  startup.o(RESET)
    FlashCtl_Handler                         0x00000283   Thumb Code     0  startup.o(RESET)
    GPIOPortA_Handler                        0x00000283   Thumb Code     0  startup.o(RESET)
    GPIOPortB_Handler                        0x00000283   Thumb Code     0  startup.o(RESET)
    GPIOPortC_Handler                        0x00000283   Thumb Code     0  startup.o(RESET)
    GPIOPortD_Handler                        0x00000283   Thumb Code     0  startup.o(RESET)
    GPIOPortE_Handler                        0x00000283   Thumb Code     0  startup.o(RESET)
    GPIOPortF_Handler                        0x00000283   Thumb Code     0  startup.o(RESET)
    GPIOPortG_Handler                        0x00000283   Thumb Code     0  startup.o(RESET)
    GPIOPortH_Handler                        0x00000283   Thumb Code     0  startup.o(RESET)
    GPIOPortJ_Handler                        0x00000283   Thumb Code     0  startup.o(RESET)
    GPIOPortK_Handler                        0x00000283   Thumb Code     0  startup.o(RESET)
    GPIOPortL_Handler                        0x00000283   Thumb Code     0  startup.o(RESET)
    GPIOPortM_Handler                        0x00000283   Thumb Code     0  startup.o(RESET)
    GPIOPortN_Handler                        0x00000283   Thumb Code     0  startup.o(RESET)
    GPIOPortP1_Handler                       0x00000283   Thumb Code     0  startup.o(RESET)
    GPIOPortP2_Handler                       0x00000283   Thumb Code     0  startup.o(RESET)
    GPIOPortP3_Handler                       0x00000283   Thumb Code     0  startup.o(RESET)
    GPIOPortP4_Handler                       0x00000283   Thumb Code     0  startup.o(RESET)
    GPIOPortP5_Handler                       0x00000283   Thumb Code     0  startup.o(RESET)
    GPIOPortP6_Handler                       0x00000283   Thumb Code     0  startup.o(RESET)
    GPIOPortP7_Handler                       0x00000283   Thumb Code     0  startup.o(RESET)
    GPIOPortP_Handler                        0x00000283   Thumb Code     0  startup.o(RESET)
    GPIOPortQ1_Handler                       0x00000283   Thumb Code     0  startup.o(RESET)
    GPIOPortQ2_Handler                       0x00000283   Thumb Code     0  startup.o(RESET)
    GPIOPortQ3_Handler                       0x00000283   Thumb Code     0  startup.o(RESET)
    GPIOPortQ4_Handler                       0x00000283   Thumb Code     0  startup.o(RESET)
    GPIOPortQ5_Handler                       0x00000283   Thumb Code     0  startup.o(RESET)
    GPIOPortQ6_Handler                       0x00000283   Thumb Code     0  startup.o(RESET)
    GPIOPortQ7_Handler                       0x00000283   Thumb Code     0  startup.o(RESET)
    GPIOPortQ_Handler                        0x00000283   Thumb Code     0  startup.o(RESET)
    GPIOPortR_Handler                        0x00000283   Thumb Code     0  startup.o(RESET)
    GPIOPortS_Handler                        0x00000283   Thumb Code     0  startup.o(RESET)
    Hibernate_Handler                        0x00000283   Thumb Code     0  startup.o(RESET)
    I2C0_Handler                             0x00000283   Thumb Code     0  startup.o(RESET)
    I2C1_Handler                             0x00000283   Thumb Code     0  startup.o(RESET)
    I2C2_Handler                             0x00000283   Thumb Code     0  startup.o(RESET)
    I2C3_Handler                             0x00000283   Thumb Code     0  startup.o(RESET)
    I2C4_Handler                             0x00000283   Thumb Code     0  startup.o(RESET)
    I2C5_Handler                             0x00000283   Thumb Code     0  startup.o(RESET)
    I2S0_Handler                             0x00000283   Thumb Code     0  startup.o(RESET)
    LPC0_Handler                             0x00000283   Thumb Code     0  startup.o(RESET)
    PECI0_Handler                            0x00000283   Thumb Code     0  startup.o(RESET)
    PWM0Fault_Handler                        0x00000283   Thumb Code     0  startup.o(RESET)
    PWM0Generator0_Handler                   0x00000283   Thumb Code     0  startup.o(RESET)
    PWM0Generator1_Handler                   0x00000283   Thumb Code     0  startup.o(RESET)
    PWM0Generator2_Handler                   0x00000283   Thumb Code     0  startup.o(RESET)
    PWM0Generator3_Handler                   0x00000283   Thumb Code     0  startup.o(RESET)
    PWM1Fault_Handler                        0x00000283   Thumb Code     0  startup.o(RESET)
    PWM1Generator0_Handler                   0x00000283   Thumb Code     0  startup.o(RESET)
    PWM1Generator1_Handler                   0x00000283   Thumb Code     0  startup.o(RESET)
    PWM1Generator2_Handler                   0x00000283   Thumb Code     0  startup.o(RESET)
    PWM1Generator3_Handler                   0x00000283   Thumb Code     0  startup.o(RESET)
    Quadrature0_Handler                      0x00000283   Thumb Code     0  startup.o(RESET)
    Quadrature1_Handler                      0x00000283   Thumb Code     0  startup.o(RESET)
    Quadrature2_Handler                      0x00000283   Thumb Code     0  startup.o(RESET)
    SSI0_Handler                             0x00000283   Thumb Code     0  startup.o(RESET)
    SSI1_Handler                             0x00000283   Thumb Code     0  startup.o(RESET)
    SSI2_Handler                             0x00000283   Thumb Code     0  startup.o(RESET)
    SSI3_Handler                             0x00000283   Thumb Code     0  startup.o(RESET)
    SysCtl_Handler                           0x00000283   Thumb Code     0  startup.o(RESET)
    Timer0A_Handler                          0x00000283   Thumb Code     0  startup.o(RESET)
    Timer0B_Handler                          0x00000283   Thumb Code     0  startup.o(RESET)
    Timer1A_Handler                          0x00000283   Thumb Code     0  startup.o(RESET)
    Timer1B_Handler                          0x00000283   Thumb Code     0  startup.o(RESET)
    Timer2B_Handler                          0x00000283   Thumb Code     0  startup.o(RESET)
    Timer3B_Handler                          0x00000283   Thumb Code     0  startup.o(RESET)
    Timer4B_Handler                          0x00000283   Thumb Code     0  startup.o(RESET)
    Timer5B_Handler                          0x00000283   Thumb Code     0  startup.o(RESET)
    UART1_Handler                            0x00000283   Thumb Code     0  startup.o(RESET)
    UART2_Handler                            0x00000283   Thumb Code     0  startup.o(RESET)
    UART3_Handler                            0x00000283   Thumb Code     0  startup.o(RESET)
    UART4_Handler                            0x00000283   Thumb Code     0  startup.o(RESET)
    UART5_Handler                            0x00000283   Thumb Code     0  startup.o(RESET)
    UART6_Handler                            0x00000283   Thumb Code     0  startup.o(RESET)
    UART7_Handler                            0x00000283   Thumb Code     0  startup.o(RESET)
    USB0_Handler                             0x00000283   Thumb Code     0  startup.o(RESET)
    WDT_Handler                              0x00000283   Thumb Code     0  startup.o(RESET)
    WideTimer0A_Handler                      0x00000283   Thumb Code     0  startup.o(RESET)
    WideTimer0B_Handler                      0x00000283   Thumb Code     0  startup.o(RESET)
    WideTimer1A_Handler                      0x00000283   Thumb Code     0  startup.o(RESET)
    WideTimer1B_Handler                      0x00000283   Thumb Code     0  startup.o(RESET)
    WideTimer2A_Handler                      0x00000283   Thumb Code     0  startup.o(RESET)
    WideTimer2B_Handler                      0x00000283   Thumb Code     0  startup.o(RESET)
    WideTimer3A_Handler                      0x00000283   Thumb Code     0  startup.o(RESET)
    WideTimer3B_Handler                      0x00000283   Thumb Code     0  startup.o(RESET)
    WideTimer4A_Handler                      0x00000283   Thumb Code     0  startup.o(RESET)
    WideTimer4B_Handler                      0x00000283   Thumb Code     0  startup.o(RESET)
    WideTimer5A_Handler                      0x00000283   Thumb Code     0  startup.o(RESET)
    WideTimer5B_Handler                      0x00000283   Thumb Code     0  startup.o(RESET)
    uDMA_Error                               0x00000283   Thumb Code     0  startup.o(RESET)
    uDMA_Handler                             0x00000283   Thumb Code     0  startup.o(RESET)
    __main                                   0x00000285   Thumb Code     8  __main.o(!!!main)
    __scatterload                            0x0000028d   Thumb Code     0  __scatter.o(!!!scatter)
    __scatterload_rt2                        0x0000028d   Thumb Code    44  __scatter.o(!!!scatter)
    __scatterload_rt2_thumb_only             0x0000028d   Thumb Code     0  __scatter.o(!!!scatter)
    __scatterload_null                       0x0000029b   Thumb Code     0  __scatter.o(!!!scatter)
    __scatterload_copy                       0x000002c1   Thumb Code    26  __scatter_copy.o(!!handler_copy)
    __scatterload_zeroinit                   0x000002dd   Thumb Code    28  __scatter_zi.o(!!handler_zi)
    __rt_lib_init                            0x000002f9   Thumb Code     0  libinit.o(.ARM.Collect$$libinit$$00000000)
    __rt_lib_init_alloca_1                   0x000002fb   Thumb Code     0  libinit2.o(.ARM.Collect$$libinit$$0000002C)
    __rt_lib_init_argv_1                     0x000002fb   Thumb Code     0  libinit2.o(.ARM.Collect$$libinit$$0000002A)
    __rt_lib_init_atexit_1                   0x000002fb   Thumb Code     0  libinit2.o(.ARM.Collect$$libinit$$00000019)
    __rt_lib_init_clock_1                    0x000002fb   Thumb Code     0  libinit2.o(.ARM.Collect$$libinit$$0000001F)
    __rt_lib_init_cpp_1                      0x000002fb   Thumb Code     0  libinit2.o(.ARM.Collect$$libinit$$00000030)
    __rt_lib_init_exceptions_1               0x000002fb   Thumb Code     0  libinit2.o(.ARM.Collect$$libinit$$0000002E)
    __rt_lib_init_fp_1                       0x000002fb   Thumb Code     0  libinit2.o(.ARM.Collect$$libinit$$00000002)
    __rt_lib_init_fp_trap_1                  0x000002fb   Thumb Code     0  libinit2.o(.ARM.Collect$$libinit$$0000001D)
    __rt_lib_init_getenv_1                   0x000002fb   Thumb Code     0  libinit2.o(.ARM.Collect$$libinit$$00000021)
    __rt_lib_init_heap_1                     0x000002fb   Thumb Code     0  libinit2.o(.ARM.Collect$$libinit$$00000008)
    __rt_lib_init_lc_collate_1               0x000002fb   Thumb Code     0  libinit2.o(.ARM.Collect$$libinit$$0000000F)
    __rt_lib_init_lc_ctype_1                 0x000002fb   Thumb Code     0  libinit2.o(.ARM.Collect$$libinit$$00000011)
    __rt_lib_init_lc_monetary_1              0x000002fb   Thumb Code     0  libinit2.o(.ARM.Collect$$libinit$$00000013)
    __rt_lib_init_lc_numeric_1               0x000002fb   Thumb Code     0  libinit2.o(.ARM.Collect$$libinit$$00000015)
    __rt_lib_init_lc_time_1                  0x000002fb   Thumb Code     0  libinit2.o(.ARM.Collect$$libinit$$00000017)
    __rt_lib_init_rand_1                     0x000002fb   Thumb Code     0  libinit2.o(.ARM.Collect$$libinit$$0000000C)
    __rt_lib_init_return                     0x000002fb   Thumb Code     0  libinit2.o(.ARM.Collect$$libinit$$00000031)
    __rt_lib_init_signal_1                   0x000002fb   Thumb Code     0  libinit2.o(.ARM.Collect$$libinit$$0000001B)
    __rt_lib_init_stdio_1                    0x000002fb   Thumb Code     0  libinit2.o(.ARM.Collect$$libinit$$00000023)
    __rt_lib_init_user_alloc_1               0x000002fb   Thumb Code     0  libinit2.o(.ARM.Collect$$libinit$$0000000A)
    __rt_lib_shutdown                        0x000002fd   Thumb Code     0  libshutdown.o(.ARM.Collect$$libshutdown$$00000000)
    __rt_lib_shutdown_fp_trap_1              0x000002ff   Thumb Code     0  libshutdown2.o(.ARM.Collect$$libshutdown$$00000006)
    __rt_lib_shutdown_heap_1                 0x000002ff   Thumb Code     0  libshutdown2.o(.ARM.Collect$$libshutdown$$0000000E)
    __rt_lib_shutdown_return                 0x000002ff   Thumb Code     0  libshutdown2.o(.ARM.Collect$$libshutdown$$0000000F)
    __rt_lib_shutdown_signal_1               0x000002ff   Thumb Code     0  libshutdown2.o(.ARM.Collect$$libshutdown$$00000009)
    __rt_lib_shutdown_stdio_1                0x000002ff   Thumb Code     0  libshutdown2.o(.ARM.Collect$$libshutdown$$00000003)
    __rt_lib_shutdown_user_alloc_1           0x000002ff   Thumb Code     0  libshutdown2.o(.ARM.Collect$$libshutdown$$0000000B)
    __rt_entry                               0x00000301   Thumb Code     0  rtentry.o(.ARM.Collect$$rtentry$$00000000)
    __rt_entry_presh_1                       0x00000301   Thumb Code     0  rtentry2.o(.ARM.Collect$$rtentry$$00000002)
    __rt_entry_sh                            0x00000301   Thumb Code     0  rtentry4.o(.ARM.Collect$$rtentry$$00000004)
    __rt_entry_li                            0x00000307   Thumb Code     0  rtentry2.o(.ARM.Collect$$rtentry$$0000000A)
    __rt_entry_postsh_1                      0x00000307   Thumb Code     0  rtentry2.o(.ARM.Collect$$rtentry$$00000009)
    __rt_entry_main                          0x0000030b   Thumb Code     0  rtentry2.o(.ARM.Collect$$rtentry$$0000000D)
    __rt_entry_postli_1                      0x0000030b   Thumb Code     0  rtentry2.o(.ARM.Collect$$rtentry$$0000000C)
    __rt_exit                                0x00000313   Thumb Code     0  rtexit.o(.ARM.Collect$$rtexit$$00000000)
    __rt_exit_ls                             0x00000315   Thumb Code     0  rtexit2.o(.ARM.Collect$$rtexit$$00000003)
    __rt_exit_prels_1                        0x00000315   Thumb Code     0  rtexit2.o(.ARM.Collect$$rtexit$$00000002)
    __rt_exit_exit                           0x00000319   Thumb Code     0  rtexit2.o(.ARM.Collect$$rtexit$$00000004)
    DisableInterrupts                        0x00000321   Thumb Code     0  startup.o(.text)
    EnableInterrupts                         0x00000325   Thumb Code     0  startup.o(.text)
    StartCritical                            0x00000329   Thumb Code     0  startup.o(.text)
    EndCritical                              0x00000331   Thumb Code     0  startup.o(.text)
    WaitForInterrupt                         0x00000337   Thumb Code     0  startup.o(.text)
    __user_initial_stackheap                 0x0000033b   Thumb Code     0  startup.o(.text)
    Random_Init                              0x00000351   Thumb Code     0  random.o(.text)
    Random                                   0x0000035b   Thumb Code     2  random.o(.text)
    __use_two_region_memory                  0x00000379   Thumb Code     2  heapauxi.o(.text)
    __rt_heap_escrow$2region                 0x0000037b   Thumb Code     2  heapauxi.o(.text)
    __rt_heap_expand$2region                 0x0000037d   Thumb Code     2  heapauxi.o(.text)
    __user_setup_stackheap                   0x0000037f   Thumb Code    74  sys_stackheap_outer.o(.text)
    exit                                     0x000003c9   Thumb Code    12  exit.o(.text)
    __user_libspace                          0x000003d5   Thumb Code     8  libspace.o(.text)
    __user_perproc_libspace                  0x000003d5   Thumb Code     0  libspace.o(.text)
    __user_perthread_libspace                0x000003d5   Thumb Code     0  libspace.o(.text)
    _sys_exit                                0x000003dd   Thumb Code     8  sys_exit.o(.text)
    __I$use$semihosting                      0x000003e9   Thumb Code     0  use_no_semi.o(.text)
    __use_no_semihosting_swi                 0x000003e9   Thumb Code     2  use_no_semi.o(.text)
    __semihosting_library_function           0x000003eb   Thumb Code     0  indicate_semi.o(.text)
    ADC0_In                                  0x000003ed   Thumb Code    36  adc.o(i.ADC0_In)
    ADC0_Init                                0x00000419   Thumb Code   172  adc.o(i.ADC0_Init)
    ADC1_In                                  0x000004e9   Thumb Code     6  texas.o(i.ADC1_In)
    ADC1_Init                                0x000004f5   Thumb Code   174  texas.o(i.ADC1_Init)
    DAC_Init                                 0x000005c9   Thumb Code    96  dac.o(i.DAC_Init)
    DAC_Out                                  0x00000645   Thumb Code     6  dac.o(i.DAC_Out)
    Delay100ms                               0x00000651   Thumb Code    30  spaceinvaders.o(i.Delay100ms)
    Draw                                     0x00000675   Thumb Code   444  spaceinvaders.o(i.Draw)
    Game_Over                                0x00000859   Thumb Code   162  spaceinvaders.o(i.Game_Over)
    LED_Init                                 0x00000935   Thumb Code    84  switch.o(i.LED_Init)
    MoveEnemy                                0x000009a1   Thumb Code   136  spaceinvaders.o(i.MoveEnemy)
    MovePlayer                               0x00000a31   Thumb Code    32  spaceinvaders.o(i.MovePlayer)
    MoveShots                                0x00000a59   Thumb Code   228  spaceinvaders.o(i.MoveShots)
    NewScreen                                0x00000b49   Thumb Code   190  spaceinvaders.o(i.NewScreen)
    Nokia5110_Clear                          0x00000c41   Thumb Code    18  virtualnokia5110.o(i.Nokia5110_Clear)
    Nokia5110_ClearBuffer                    0x00000c53   Thumb Code    10  virtualnokia5110.o(i.Nokia5110_ClearBuffer)
    Nokia5110_DisplayBuffer                  0x00000c5d   Thumb Code    10  virtualnokia5110.o(i.Nokia5110_DisplayBuffer)
    Nokia5110_Init                           0x00000c69   Thumb Code    26  virtualnokia5110.o(i.Nokia5110_Init)
    Nokia5110_OutChar                        0x00000c89   Thumb Code    20  virtualnokia5110.o(i.Nokia5110_OutChar)
    Nokia5110_OutString                      0x00000c9d   Thumb Code    22  virtualnokia5110.o(i.Nokia5110_OutString)
    Nokia5110_OutUDec                        0x00000cb5   Thumb Code   394  virtualnokia5110.o(i.Nokia5110_OutUDec)
    Nokia5110_PrintBMP                       0x00000e51   Thumb Code   350  virtualnokia5110.o(i.Nokia5110_PrintBMP)
    Nokia5110_SetCursor                      0x00000fb5   Thumb Code    36  virtualnokia5110.o(i.Nokia5110_SetCursor)
    PLL_Init                                 0x00000fd9   Thumb Code   118  texas.o(i.PLL_Init)
    ParameterInit                            0x00001055   Thumb Code   764  spaceinvaders.o(i.ParameterInit)
    RxFifo_Init                              0x00001399   Thumb Code    26  virtualnokia5110.o(i.RxFifo_Init)
    RxFifo_Put                               0x000013bd   Thumb Code    48  virtualnokia5110.o(i.RxFifo_Put)
    RxFifo_Size                              0x000013f9   Thumb Code    14  virtualnokia5110.o(i.RxFifo_Size)
    SetCode                                  0x00001411   Thumb Code    20  texas.o(i.SetCode)
    SetCourse                                0x00001429   Thumb Code    20  texas.o(i.SetCourse)
    Sound_Explosion                          0x00001441   Thumb Code    14  sound.o(i.Sound_Explosion)
    Sound_Killed                             0x00001455   Thumb Code    14  sound.o(i.Sound_Killed)
    Sound_Play                               0x00001469   Thumb Code    26  sound.o(i.Sound_Play)
    Sound_Shoot                              0x00001491   Thumb Code    14  sound.o(i.Sound_Shoot)
    Switch_Init                              0x000014a5   Thumb Code    84  switch.o(i.Switch_Init)
    SysTick_Handler                          0x00001511   Thumb Code    64  spaceinvaders.o(i.SysTick_Handler)
    SysTick_Init                             0x00001565   Thumb Code    46  spaceinvaders.o(i.SysTick_Init)
    TExaS_Init                               0x00001599   Thumb Code   324  texas.o(i.TExaS_Init)
    Timer2A_Handler                          0x0000175d   Thumb Code    58  sound.o(i.Timer2A_Handler)
    Timer2A_Start                            0x000017a9   Thumb Code    14  sound.o(i.Timer2A_Start)
    Timer2A_Stop                             0x000017bd   Thumb Code    14  sound.o(i.Timer2A_Stop)
    Timer2_Init                              0x000017d1   Thumb Code    84  sound.o(i.Timer2_Init)
    Timer3A_Handler                          0x00001839   Thumb Code    16  timer3.o(i.Timer3A_Handler)
    Timer3_Init                              0x00001851   Thumb Code    74  timer3.o(i.Timer3_Init)
    Timer4A_Handler                          0x000018b1   Thumb Code    20  texas.o(i.Timer4A_Handler)
    Timer5A_Handler                          0x000018d1   Thumb Code    34  texas.o(i.Timer5A_Handler)
    TxFifo_Get                               0x00001901   Thumb Code    46  virtualnokia5110.o(i.TxFifo_Get)
    TxFifo_Init                              0x0000193d   Thumb Code    26  virtualnokia5110.o(i.TxFifo_Init)
    TxFifo_Put                               0x00001961   Thumb Code    48  virtualnokia5110.o(i.TxFifo_Put)
    TxFifo_Size                              0x0000199d   Thumb Code    14  virtualnokia5110.o(i.TxFifo_Size)
    UART0_Handler                            0x000019b5   Thumb Code    82  virtualnokia5110.o(i.UART0_Handler)
    UART0_Init                               0x00001a0d   Thumb Code   160  texas.o(i.UART0_Init)
    UART_Init                                0x00001acd   Thumb Code   170  virtualnokia5110.o(i.UART_Init)
    UART_OutChar                             0x00001b95   Thumb Code    46  virtualnokia5110.o(i.UART_OutChar)
    checkButtons                             0x00001bc9   Thumb Code    62  spaceinvaders.o(i.checkButtons)
    checkEnemyGun                            0x00001c11   Thumb Code   120  spaceinvaders.o(i.checkEnemyGun)
    checkEntities                            0x00001c95   Thumb Code    50  spaceinvaders.o(i.checkEntities)
    checkGun                                 0x00001ccd   Thumb Code   120  spaceinvaders.o(i.checkGun)
    checkMissile                             0x00001d51   Thumb Code    98  spaceinvaders.o(i.checkMissile)
    createEnemyShot                          0x00001e11   Thumb Code   184  spaceinvaders.o(i.createEnemyShot)
    createPlayerShot                         0x00001ed9   Thumb Code   178  spaceinvaders.o(i.createPlayerShot)
    damageBunker                             0x00001fad   Thumb Code   140  spaceinvaders.o(i.damageBunker)
    damageEnemy                              0x00002045   Thumb Code   136  spaceinvaders.o(i.damageEnemy)
    damagePlayer                             0x000020dd   Thumb Code    50  spaceinvaders.o(i.damagePlayer)
    damaged                                  0x0000211d   Thumb Code   102  spaceinvaders.o(i.damaged)
    main                                     0x00002185   Thumb Code   216  spaceinvaders.o(i.main)
    turnOffLED                               0x00002281   Thumb Code    40  switch.o(i.turnOffLED)
    turnOnLED                                0x000022b1   Thumb Code    40  switch.o(i.turnOnLED)
    updateEExplosion                         0x000022e1   Thumb Code   126  spaceinvaders.o(i.updateEExplosion)
    updatePlayerExplosion                    0x0000236d   Thumb Code    70  spaceinvaders.o(i.updatePlayerExplosion)
    SmallEnemy30PointA                       0x000025a4   Data         199  spaceinvaders.o(.constdata)
    SmallEnemy30PointB                       0x0000266b   Data         199  spaceinvaders.o(.constdata)
    SmallEnemy20PointA                       0x00002732   Data         199  spaceinvaders.o(.constdata)
    SmallEnemy20PointB                       0x000027f9   Data         199  spaceinvaders.o(.constdata)
    SmallEnemy10PointA                       0x000028c0   Data         199  spaceinvaders.o(.constdata)
    SmallEnemy10PointB                       0x00002987   Data         199  spaceinvaders.o(.constdata)
    PlayerShip0                              0x00002a4e   Data         215  spaceinvaders.o(.constdata)
    SmallEnemyBonus0                         0x00002b25   Data         203  spaceinvaders.o(.constdata)
    Bunker0                                  0x00002bf0   Data         179  spaceinvaders.o(.constdata)
    Bunker1                                  0x00002ca3   Data         179  spaceinvaders.o(.constdata)
    Bunker2                                  0x00002d56   Data         179  spaceinvaders.o(.constdata)
    Bunker3                                  0x00002e09   Data         179  spaceinvaders.o(.constdata)
    BigExplosion0                            0x00002ebc   Data         215  spaceinvaders.o(.constdata)
    BigExplosion1                            0x00002f93   Data         215  spaceinvaders.o(.constdata)
    SmallExplosion0                          0x0000306a   Data         199  spaceinvaders.o(.constdata)
    SmallExplosion1                          0x00003131   Data         199  spaceinvaders.o(.constdata)
    Missile0                                 0x000031f8   Data         155  spaceinvaders.o(.constdata)
    Missile1                                 0x00003293   Data         155  spaceinvaders.o(.constdata)
    Missile2                                 0x0000332e   Data         155  spaceinvaders.o(.constdata)
    Laser0                                   0x000033c9   Data         155  spaceinvaders.o(.constdata)
    Laser1                                   0x00003464   Data         155  spaceinvaders.o(.constdata)
    NoInputMsg                               0x000034ff   Data          40  texas.o(.constdata)
    OutputPortMsg0                           0x00003527   Data          40  texas.o(.constdata)
    OutputPortMsg1                           0x0000354f   Data          40  texas.o(.constdata)
    OutputPortMsg2                           0x00003577   Data          40  texas.o(.constdata)
    OutputPortMsg3                           0x0000359f   Data          40  texas.o(.constdata)
    BlankMsg                                 0x000035c7   Data          40  texas.o(.constdata)
    InitializedMsg                           0x000035ef   Data          40  texas.o(.constdata)
    IntroMsg                                 0x00003617   Data          40  texas.o(.constdata)
    DoneMsg                                  0x0000363f   Data          40  texas.o(.constdata)
    shoot                                    0x00003667   Data        4080  sound.o(.constdata)
    invaderkilled                            0x00004657   Data        3377  sound.o(.constdata)
    explosion                                0x00005388   Data        2000  sound.o(.constdata)
    fastinvader1                             0x00005b58   Data         982  sound.o(.constdata)
    fastinvader2                             0x00005f2e   Data        1042  sound.o(.constdata)
    fastinvader3                             0x00006340   Data        1054  sound.o(.constdata)
    fastinvader4                             0x0000675e   Data        1098  sound.o(.constdata)
    highpitch                                0x00006ba8   Data        1802  sound.o(.constdata)
    Region$$Table$$Base                      0x000072b4   Number         0  anon$$obj.o(Region$$Table)
    Region$$Table$$Limit                     0x000072d4   Number         0  anon$$obj.o(Region$$Table)
    special                                  0x20000000   Data           1  spaceinvaders.o(.data)
    laser                                    0x20000001   Data           1  spaceinvaders.o(.data)
    enemyDirection                           0x20000002   Data           1  spaceinvaders.o(.data)
    FrameCount                               0x20000004   Data           4  spaceinvaders.o(.data)
    playerScore                              0x20000008   Data           4  spaceinvaders.o(.data)
    lose                                     0x2000000c   Data           4  spaceinvaders.o(.data)
    win                                      0x20000010   Data           4  spaceinvaders.o(.data)
    nextScreen                               0x20000014   Data           4  spaceinvaders.o(.data)
    level                                    0x20000018   Data           4  spaceinvaders.o(.data)
    enemyDead                                0x2000001c   Data           4  spaceinvaders.o(.data)
    Semaphore                                0x20000020   Data           4  spaceinvaders.o(.data)
    TExaS_Period                             0x20000024   Data           4  texas.o(.data)
    TExaS_Ports                              0x20000028   Data           8  texas.o(.data)
    Display                                  0x20000030   Data           1  texas.o(.data)
    TExaS_Meter                              0x20000034   Data           4  texas.o(.data)
    ADCnum                                   0x20000038   Data           4  texas.o(.data)
    LastMode                                 0x2000003c   Data           4  texas.o(.data)
    bFlag                                    0x20000040   Data           4  texas.o(.data)
    Count                                    0x20000044   Data           4  texas.o(.data)
    DelayBetweenTests                        0x20000048   Data           4  texas.o(.data)
    TExaS_Test                               0x2000004c   Data           4  texas.o(.data)
    ScopeMode                                0x20000050   Data           4  texas.o(.data)
    ScopeCount                               0x20000054   Data           4  texas.o(.data)
    RxPutI                                   0x20000058   Data           4  virtualnokia5110.o(.data)
    RxGetI                                   0x2000005c   Data           4  virtualnokia5110.o(.data)
    TxPutI                                   0x20000060   Data           4  virtualnokia5110.o(.data)
    TxGetI                                   0x20000064   Data           4  virtualnokia5110.o(.data)
    Index                                    0x20000068   Data           4  sound.o(.data)
    Counter                                  0x2000006c   Data           4  sound.o(.data)
    Wave                                     0x20000070   Data           4  sound.o(.data)
    TimerCount                               0x20000074   Data           4  sound.o(.data)
    PeriodicTask                             0x20000078   Data           4  timer3.o(.data)
    Enemy                                    0x20000080   Data         224  spaceinvaders.o(.bss)
    EnemyGun                                 0x20000160   Data         224  spaceinvaders.o(.bss)
    EExplosion                               0x20000240   Data         224  spaceinvaders.o(.bss)
    Bunker                                   0x20000320   Data          84  spaceinvaders.o(.bss)
    PlayerShip                               0x20000374   Data          28  spaceinvaders.o(.bss)
    PlayerExplosion                          0x20000390   Data          28  spaceinvaders.o(.bss)
    Gun                                      0x200003ac   Data          28  spaceinvaders.o(.bss)
    Missile                                  0x200003c8   Data          56  spaceinvaders.o(.bss)
    TExaS                                    0x20000400   Data          56  texas.o(.bss)
    BMPtable                                 0x20000648   Data        1024  virtualnokia5110.o(.bss)
    __libspace_start                         0x20000a48   Data          96  libspace.o(.bss)
    __temporary_stack_top$libspace           0x20000aa8   Data           0  libspace.o(.bss)



==============================================================================

Memory Map of the image

  Image Entry point : 0x0000026d

  Load Region LR_1 (Base: 0x00000000, Size: 0x00007354, Max: 0xffffffff, ABSOLUTE)

    Execution Region ER_RO (Base: 0x00000000, Size: 0x000072d4, Max: 0xffffffff, ABSOLUTE)

    Base Addr    Size         Type   Attr      Idx    E Section Name        Object

    0x00000000   0x00000284   Code   RO            3  * RESET               startup.o
    0x00000284   0x00000008   Code   RO          666  * !!!main             c_w.l(__main.o)
    0x0000028c   0x00000034   Code   RO          820    !!!scatter          c_w.l(__scatter.o)
    0x000002c0   0x0000001a   Code   RO          822    !!handler_copy      c_w.l(__scatter_copy.o)
    0x000002da   0x00000002   PAD
    0x000002dc   0x0000001c   Code   RO          824    !!handler_zi        c_w.l(__scatter_zi.o)
    0x000002f8   0x00000002   Code   RO          693    .ARM.Collect$$libinit$$00000000  c_w.l(libinit.o)
    0x000002fa   0x00000000   Code   RO          700    .ARM.Collect$$libinit$$00000002  c_w.l(libinit2.o)
    0x000002fa   0x00000000   Code   RO          703    .ARM.Collect$$libinit$$00000008  c_w.l(libinit2.o)
    0x000002fa   0x00000000   Code   RO          705    .ARM.Collect$$libinit$$0000000A  c_w.l(libinit2.o)
    0x000002fa   0x00000000   Code   RO          707    .ARM.Collect$$libinit$$0000000C  c_w.l(libinit2.o)
    0x000002fa   0x00000000   Code   RO          710    .ARM.Collect$$libinit$$0000000F  c_w.l(libinit2.o)
    0x000002fa   0x00000000   Code   RO          712    .ARM.Collect$$libinit$$00000011  c_w.l(libinit2.o)
    0x000002fa   0x00000000   Code   RO          714    .ARM.Collect$$libinit$$00000013  c_w.l(libinit2.o)
    0x000002fa   0x00000000   Code   RO          716    .ARM.Collect$$libinit$$00000015  c_w.l(libinit2.o)
    0x000002fa   0x00000000   Code   RO          718    .ARM.Collect$$libinit$$00000017  c_w.l(libinit2.o)
    0x000002fa   0x00000000   Code   RO          720    .ARM.Collect$$libinit$$00000019  c_w.l(libinit2.o)
    0x000002fa   0x00000000   Code   RO          722    .ARM.Collect$$libinit$$0000001B  c_w.l(libinit2.o)
    0x000002fa   0x00000000   Code   RO          724    .ARM.Collect$$libinit$$0000001D  c_w.l(libinit2.o)
    0x000002fa   0x00000000   Code   RO          726    .ARM.Collect$$libinit$$0000001F  c_w.l(libinit2.o)
    0x000002fa   0x00000000   Code   RO          728    .ARM.Collect$$libinit$$00000021  c_w.l(libinit2.o)
    0x000002fa   0x00000000   Code   RO          730    .ARM.Collect$$libinit$$00000023  c_w.l(libinit2.o)
    0x000002fa   0x00000000   Code   RO          734    .ARM.Collect$$libinit$$0000002A  c_w.l(libinit2.o)
    0x000002fa   0x00000000   Code   RO          736    .ARM.Collect$$libinit$$0000002C  c_w.l(libinit2.o)
    0x000002fa   0x00000000   Code   RO          738    .ARM.Collect$$libinit$$0000002E  c_w.l(libinit2.o)
    0x000002fa   0x00000000   Code   RO          740    .ARM.Collect$$libinit$$00000030  c_w.l(libinit2.o)
    0x000002fa   0x00000002   Code   RO          741    .ARM.Collect$$libinit$$00000031  c_w.l(libinit2.o)
    0x000002fc   0x00000002   Code   RO          761    .ARM.Collect$$libshutdown$$00000000  c_w.l(libshutdown.o)
    0x000002fe   0x00000000   Code   RO          775    .ARM.Collect$$libshutdown$$00000003  c_w.l(libshutdown2.o)
    0x000002fe   0x00000000   Code   RO          778    .ARM.Collect$$libshutdown$$00000006  c_w.l(libshutdown2.o)
    0x000002fe   0x00000000   Code   RO          781    .ARM.Collect$$libshutdown$$00000009  c_w.l(libshutdown2.o)
    0x000002fe   0x00000000   Code   RO          783    .ARM.Collect$$libshutdown$$0000000B  c_w.l(libshutdown2.o)
    0x000002fe   0x00000000   Code   RO          786    .ARM.Collect$$libshutdown$$0000000E  c_w.l(libshutdown2.o)
    0x000002fe   0x00000002   Code   RO          787    .ARM.Collect$$libshutdown$$0000000F  c_w.l(libshutdown2.o)
    0x00000300   0x00000000   Code   RO          668    .ARM.Collect$$rtentry$$00000000  c_w.l(rtentry.o)
    0x00000300   0x00000000   Code   RO          670    .ARM.Collect$$rtentry$$00000002  c_w.l(rtentry2.o)
    0x00000300   0x00000006   Code   RO          682    .ARM.Collect$$rtentry$$00000004  c_w.l(rtentry4.o)
    0x00000306   0x00000000   Code   RO          672    .ARM.Collect$$rtentry$$00000009  c_w.l(rtentry2.o)
    0x00000306   0x00000004   Code   RO          673    .ARM.Collect$$rtentry$$0000000A  c_w.l(rtentry2.o)
    0x0000030a   0x00000000   Code   RO          675    .ARM.Collect$$rtentry$$0000000C  c_w.l(rtentry2.o)
    0x0000030a   0x00000008   Code   RO          676    .ARM.Collect$$rtentry$$0000000D  c_w.l(rtentry2.o)
    0x00000312   0x00000002   Code   RO          697    .ARM.Collect$$rtexit$$00000000  c_w.l(rtexit.o)
    0x00000314   0x00000000   Code   RO          743    .ARM.Collect$$rtexit$$00000002  c_w.l(rtexit2.o)
    0x00000314   0x00000004   Code   RO          744    .ARM.Collect$$rtexit$$00000003  c_w.l(rtexit2.o)
    0x00000318   0x00000006   Code   RO          745    .ARM.Collect$$rtexit$$00000004  c_w.l(rtexit2.o)
    0x0000031e   0x00000002   PAD
    0x00000320   0x00000030   Code   RO            4    .text               startup.o
    0x00000350   0x00000028   Code   RO           13    .text               random.o
    0x00000378   0x00000006   Code   RO          664    .text               c_w.l(heapauxi.o)
    0x0000037e   0x0000004a   Code   RO          684    .text               c_w.l(sys_stackheap_outer.o)
    0x000003c8   0x0000000c   Code   RO          686    .text               c_w.l(exit.o)
    0x000003d4   0x00000008   Code   RO          694    .text               c_w.l(libspace.o)
    0x000003dc   0x0000000c   Code   RO          753    .text               c_w.l(sys_exit.o)
    0x000003e8   0x00000002   Code   RO          764    .text               c_w.l(use_no_semi.o)
    0x000003ea   0x00000000   Code   RO          766    .text               c_w.l(indicate_semi.o)
    0x000003ea   0x00000002   PAD
    0x000003ec   0x0000002c   Code   RO          469    i.ADC0_In           adc.o
    0x00000418   0x000000d0   Code   RO          470    i.ADC0_Init         adc.o
    0x000004e8   0x0000000c   Code   RO          197    i.ADC1_In           texas.o
    0x000004f4   0x000000d4   Code   RO          198    i.ADC1_Init         texas.o
    0x000005c8   0x0000007c   Code   RO          529    i.DAC_Init          dac.o
    0x00000644   0x0000000c   Code   RO          530    i.DAC_Out           dac.o
    0x00000650   0x00000024   Code   RO           16    i.Delay100ms        spaceinvaders.o
    0x00000674   0x000001e4   Code   RO           17    i.Draw              spaceinvaders.o
    0x00000858   0x000000dc   Code   RO           18    i.Game_Over         spaceinvaders.o
    0x00000934   0x0000006c   Code   RO          487    i.LED_Init          switch.o
    0x000009a0   0x00000090   Code   RO           19    i.MoveEnemy         spaceinvaders.o
    0x00000a30   0x00000028   Code   RO           20    i.MovePlayer        spaceinvaders.o
    0x00000a58   0x000000f0   Code   RO           21    i.MoveShots         spaceinvaders.o
    0x00000b48   0x000000f8   Code   RO           22    i.NewScreen         spaceinvaders.o
    0x00000c40   0x00000012   Code   RO          316    i.Nokia5110_Clear   virtualnokia5110.o
    0x00000c52   0x0000000a   Code   RO          317    i.Nokia5110_ClearBuffer  virtualnokia5110.o
    0x00000c5c   0x0000000a   Code   RO          318    i.Nokia5110_DisplayBuffer  virtualnokia5110.o
    0x00000c66   0x00000002   PAD
    0x00000c68   0x00000020   Code   RO          320    i.Nokia5110_Init    virtualnokia5110.o
    0x00000c88   0x00000014   Code   RO          321    i.Nokia5110_OutChar  virtualnokia5110.o
    0x00000c9c   0x00000016   Code   RO          322    i.Nokia5110_OutString  virtualnokia5110.o
    0x00000cb2   0x00000002   PAD
    0x00000cb4   0x0000019c   Code   RO          323    i.Nokia5110_OutUDec  virtualnokia5110.o
    0x00000e50   0x00000164   Code   RO          324    i.Nokia5110_PrintBMP  virtualnokia5110.o
    0x00000fb4   0x00000024   Code   RO          325    i.Nokia5110_SetCursor  virtualnokia5110.o
    0x00000fd8   0x0000007c   Code   RO          199    i.PLL_Init          texas.o
    0x00001054   0x00000344   Code   RO           23    i.ParameterInit     spaceinvaders.o
    0x00001398   0x00000024   Code   RO          327    i.RxFifo_Init       virtualnokia5110.o
    0x000013bc   0x0000003c   Code   RO          328    i.RxFifo_Put        virtualnokia5110.o
    0x000013f8   0x00000018   Code   RO          329    i.RxFifo_Size       virtualnokia5110.o
    0x00001410   0x00000018   Code   RO          200    i.SetCode           texas.o
    0x00001428   0x00000018   Code   RO          201    i.SetCourse         texas.o
    0x00001440   0x00000014   Code   RO          548    i.Sound_Explosion   sound.o
    0x00001454   0x00000014   Code   RO          554    i.Sound_Killed      sound.o
    0x00001468   0x00000028   Code   RO          555    i.Sound_Play        sound.o
    0x00001490   0x00000014   Code   RO          556    i.Sound_Shoot       sound.o
    0x000014a4   0x0000006c   Code   RO          488    i.Switch_Init       switch.o
    0x00001510   0x00000054   Code   RO           24    i.SysTick_Handler   spaceinvaders.o
    0x00001564   0x00000034   Code   RO           25    i.SysTick_Init      spaceinvaders.o
    0x00001598   0x000001c4   Code   RO          205    i.TExaS_Init        texas.o
    0x0000175c   0x0000004c   Code   RO          557    i.Timer2A_Handler   sound.o
    0x000017a8   0x00000014   Code   RO          558    i.Timer2A_Start     sound.o
    0x000017bc   0x00000014   Code   RO          559    i.Timer2A_Stop      sound.o
    0x000017d0   0x00000068   Code   RO          560    i.Timer2_Init       sound.o
    0x00001838   0x00000018   Code   RO          641    i.Timer3A_Handler   timer3.o
    0x00001850   0x00000060   Code   RO          642    i.Timer3_Init       timer3.o
    0x000018b0   0x00000020   Code   RO          207    i.Timer4A_Handler   texas.o
    0x000018d0   0x00000030   Code   RO          208    i.Timer5A_Handler   texas.o
    0x00001900   0x0000003c   Code   RO          330    i.TxFifo_Get        virtualnokia5110.o
    0x0000193c   0x00000024   Code   RO          331    i.TxFifo_Init       virtualnokia5110.o
    0x00001960   0x0000003c   Code   RO          332    i.TxFifo_Put        virtualnokia5110.o
    0x0000199c   0x00000018   Code   RO          333    i.TxFifo_Size       virtualnokia5110.o
    0x000019b4   0x00000058   Code   RO          334    i.UART0_Handler     virtualnokia5110.o
    0x00001a0c   0x000000c0   Code   RO          211    i.UART0_Init        texas.o
    0x00001acc   0x000000c8   Code   RO          336    i.UART_Init         virtualnokia5110.o
    0x00001b94   0x00000034   Code   RO          337    i.UART_OutChar      virtualnokia5110.o
    0x00001bc8   0x00000048   Code   RO           26    i.checkButtons      spaceinvaders.o
    0x00001c10   0x00000084   Code   RO           27    i.checkEnemyGun     spaceinvaders.o
    0x00001c94   0x00000038   Code   RO           28    i.checkEntities     spaceinvaders.o
    0x00001ccc   0x00000084   Code   RO           29    i.checkGun          spaceinvaders.o
    0x00001d50   0x0000006c   Code   RO           30    i.checkMissile      spaceinvaders.o
    0x00001dbc   0x00000028   Code   RO          338    i.copyHardwareToSoftware  virtualnokia5110.o
    0x00001de4   0x0000002c   Code   RO          339    i.copySoftwareToHardware  virtualnokia5110.o
    0x00001e10   0x000000c8   Code   RO           31    i.createEnemyShot   spaceinvaders.o
    0x00001ed8   0x000000d4   Code   RO           32    i.createPlayerShot  spaceinvaders.o
    0x00001fac   0x00000098   Code   RO           33    i.damageBunker      spaceinvaders.o
    0x00002044   0x00000098   Code   RO           34    i.damageEnemy       spaceinvaders.o
    0x000020dc   0x00000040   Code   RO           35    i.damagePlayer      spaceinvaders.o
    0x0000211c   0x00000066   Code   RO           36    i.damaged           spaceinvaders.o
    0x00002182   0x00000002   PAD
    0x00002184   0x000000fc   Code   RO           37    i.main              spaceinvaders.o
    0x00002280   0x00000030   Code   RO          489    i.turnOffLED        switch.o
    0x000022b0   0x00000030   Code   RO          490    i.turnOnLED         switch.o
    0x000022e0   0x0000008c   Code   RO           38    i.updateEExplosion  spaceinvaders.o
    0x0000236c   0x00000058   Code   RO           39    i.updatePlayerExplosion  spaceinvaders.o
    0x000023c4   0x0000113b   Data   RO           41    .constdata          spaceinvaders.o
    0x000034ff   0x00000168   Data   RO          216    .constdata          texas.o
    0x00003667   0x00003c4b   Data   RO          561    .constdata          sound.o
    0x000072b2   0x00000002   PAD
    0x000072b4   0x00000020   Data   RO          818    Region$$Table       anon$$obj.o


    Execution Region ER_RW (Base: 0x20000000, Size: 0x00000080, Max: 0xffffffff, ABSOLUTE)

    Base Addr    Size         Type   Attr      Idx    E Section Name        Object

    0x20000000   0x00000024   Data   RW           42    .data               spaceinvaders.o
    0x20000024   0x00000034   Data   RW          217    .data               texas.o
    0x20000058   0x00000010   Data   RW          342    .data               virtualnokia5110.o
    0x20000068   0x00000010   Data   RW          562    .data               sound.o
    0x20000078   0x00000004   Data   RW          643    .data               timer3.o
    0x2000007c   0x00000004   Data   RW           12    DATA                random.o


    Execution Region ER_ZI (Base: 0x20000080, Size: 0x00000e28, Max: 0xffffffff, ABSOLUTE)

    Base Addr    Size         Type   Attr      Idx    E Section Name        Object

    0x20000080   0x00000380   Zero   RW           40    .bss                spaceinvaders.o
    0x20000400   0x00000038   Zero   RW          215    .bss                texas.o
    0x20000438   0x00000610   Zero   RW          340    .bss                virtualnokia5110.o
    0x20000a48   0x00000060   Zero   RW          695    .bss                c_w.l(libspace.o)
    0x20000aa8   0x00000000   Zero   RW            2    HEAP                startup.o
    0x20000aa8   0x00000400   Zero   RW            1    STACK               startup.o


==============================================================================

Image component sizes


      Code (inc. data)   RO Data    RW Data    ZI Data      Debug   Object Name

       252         44          0          0          0        830   adc.o
       136         34          0          0          0        761   dac.o
        40         12          0          4          0        180   random.o
       320         82      15435         16          0       4039   sound.o
      4246        498       4411         36        896      17664   spaceinvaders.o
       692        632          0          0       1024        884   startup.o
       312         64          0          0          0       1562   switch.o
      1120        244        360         52         56      15476   texas.o
       120         30          0          4          0       1219   timer3.o
      1640        160          0         16       1552      13911   virtualnokia5110.o

    ----------------------------------------------------------------------
      8884       1800      20240        128       3528      56526   Object Totals
         0          0         32          0          0          0   (incl. Generated)
         6          0          2          0          0          0   (incl. Padding)

    ----------------------------------------------------------------------

      Code (inc. data)   RO Data    RW Data    ZI Data      Debug   Library Member Name

         8          0          0          0          0         68   __main.o
        52          8          0          0          0          0   __scatter.o
        26          0          0          0          0          0   __scatter_copy.o
        28          0          0          0          0          0   __scatter_zi.o
        12          0          0          0          0         72   exit.o
         6          0          0          0          0        152   heapauxi.o
         0          0          0          0          0          0   indicate_semi.o
         2          0          0          0          0          0   libinit.o
         2          0          0          0          0          0   libinit2.o
         2          0          0          0          0          0   libshutdown.o
         2          0          0          0          0          0   libshutdown2.o
         8          4          0          0         96         68   libspace.o
         0          0          0          0          0          0   rtentry.o
        12          0          0          0          0          0   rtentry2.o
         6          0          0          0          0          0   rtentry4.o
         2          0          0          0          0          0   rtexit.o
        10          0          0          0          0          0   rtexit2.o
        12          4          0          0          0         68   sys_exit.o
        74          0          0          0          0         80   sys_stackheap_outer.o
         2          0          0          0          0         68   use_no_semi.o

    ----------------------------------------------------------------------
       272         16          0          0         96        576   Library Totals
         6          0          0          0          0          0   (incl. Padding)

    ----------------------------------------------------------------------

      Code (inc. data)   RO Data    RW Data    ZI Data      Debug   Library Name

       266         16          0          0         96        576   c_w.l

    ----------------------------------------------------------------------
       272         16          0          0         96        576   Library Totals

    ----------------------------------------------------------------------

==============================================================================


      Code (inc. data)   RO Data    RW Data    ZI Data      Debug   

      9156       1816      20240        128       3624      53254   Grand Totals
      9156       1816      20240        128       3624      53254   ELF Image Totals
      9156       1816      20240        128          0          0   ROM Totals

==============================================================================

    Total RO  Size (Code + RO Data)                29396 (  28.71kB)
    Total RW  Size (RW Data + ZI Data)              3752 (   3.66kB)
    Total ROM Size (Code + RO Data + RW Data)      29524 (  28.83kB)

==============================================================================

